[2025-12-21T10:22:55.902Z] [INFO] [SERVER_START] Server running successfully
{
  "port": 3000,
  "environment": "development",
  "corsOrigin": "http://localhost:5173"
}
================================================================================
[2025-12-21T10:40:16.164Z] [INFO] [SERVER_START] Server running successfully
{
  "port": 3000,
  "environment": "development",
  "corsOrigin": "http://localhost:5173"
}
================================================================================
[2025-12-21T10:41:06.436Z] [INFO] [SERVER_START] Server running successfully
{
  "port": 3000,
  "environment": "development",
  "corsOrigin": "http://localhost:5173"
}
================================================================================
[2025-12-21T10:44:44.481Z] [INFO] [SERVER_START] Server running successfully
{
  "port": 3000,
  "environment": "development",
  "corsOrigin": "http://localhost:5173"
}
================================================================================
[2025-12-21T10:44:47.365Z] [INFO] [SERVER_START] Server running successfully
{
  "port": 3000,
  "environment": "development",
  "corsOrigin": "http://localhost:5173"
}
================================================================================
[2025-12-21T10:44:50.725Z] [INFO] [SERVER_START] Server running successfully
{
  "port": 3000,
  "environment": "development",
  "corsOrigin": "http://localhost:5173"
}
================================================================================
[2025-12-21T10:44:52.039Z] [INFO] [SERVER_START] Server running successfully
{
  "port": 3000,
  "environment": "development",
  "corsOrigin": "http://localhost:5173"
}
================================================================================
[2025-12-21T10:44:57.463Z] [INFO] [SERVER_START] Server running successfully
{
  "port": 3000,
  "environment": "development",
  "corsOrigin": "http://localhost:5173"
}
================================================================================
[2025-12-21T10:45:21.591Z] [INFO] [SERVER_START] Server running successfully
{
  "port": 3000,
  "environment": "development",
  "corsOrigin": "http://localhost:5173"
}
================================================================================
[2025-12-21T10:45:24.879Z] [INFO] [SERVER_START] Server running successfully
{
  "port": 3000,
  "environment": "development",
  "corsOrigin": "http://localhost:5173"
}
================================================================================
[2025-12-21T10:45:51.741Z] [INFO] [SERVER_START] Server running successfully
{
  "port": 3000,
  "environment": "development",
  "corsOrigin": "http://localhost:5173"
}
================================================================================
[2025-12-21T10:46:00.962Z] [INFO] [SERVER_START] Server running successfully
{
  "port": 3000,
  "environment": "development",
  "corsOrigin": "http://localhost:5173"
}
================================================================================
[2025-12-21T10:46:03.852Z] [INFO] [SERVER_START] Server running successfully
{
  "port": 3000,
  "environment": "development",
  "corsOrigin": "http://localhost:5173"
}
================================================================================
[2025-12-21T10:46:08.303Z] [INFO] [SERVER_START] Server running successfully
{
  "port": 3000,
  "environment": "development",
  "corsOrigin": "http://localhost:5173"
}
================================================================================
[2025-12-21T10:46:11.799Z] [INFO] [SERVER_START] Server running successfully
{
  "port": 3000,
  "environment": "development",
  "corsOrigin": "http://localhost:5173"
}
================================================================================
[2025-12-21T10:46:16.310Z] [INFO] [SERVER_START] Server running successfully
{
  "port": 3000,
  "environment": "development",
  "corsOrigin": "http://localhost:5173"
}
================================================================================
[2025-12-21T10:46:31.481Z] [INFO] [SERVER_START] Server running successfully
{
  "port": 3000,
  "environment": "development",
  "corsOrigin": "http://localhost:5173"
}
================================================================================
[2025-12-21T10:46:54.751Z] [INFO] [SERVER_START] Server running successfully
{
  "port": 3000,
  "environment": "development",
  "corsOrigin": "http://localhost:5173"
}
================================================================================
[2025-12-21T10:46:58.021Z] [INFO] [SERVER_START] Server running successfully
{
  "port": 3000,
  "environment": "development",
  "corsOrigin": "http://localhost:5173"
}
================================================================================
[2025-12-21T10:47:37.827Z] [INFO] [SERVER_START] Server running successfully
{
  "port": 3000,
  "environment": "development",
  "corsOrigin": "http://localhost:5173"
}
================================================================================
[2025-12-21T10:47:47.805Z] [INFO] [SERVER_START] Server running successfully
{
  "port": 3000,
  "environment": "development",
  "corsOrigin": "http://localhost:5173"
}
================================================================================
[2025-12-21T10:49:59.773Z] [INFO] [SERVER_START] Server running successfully
{
  "port": 3000,
  "environment": "development",
  "corsOrigin": "http://localhost:5173"
}
================================================================================
[2025-12-21T10:50:09.328Z] [INFO] [SERVER_START] Server running successfully
{
  "port": 3000,
  "environment": "development",
  "corsOrigin": "http://localhost:5173"
}
================================================================================
[2025-12-21T10:50:14.738Z] [INFO] [SERVER_START] Server running successfully
{
  "port": 3000,
  "environment": "development",
  "corsOrigin": "http://localhost:5173"
}
================================================================================
[2025-12-21T10:50:28.223Z] [INFO] [SERVER_START] Server running successfully
{
  "port": 3000,
  "environment": "development",
  "corsOrigin": "http://localhost:5173"
}
================================================================================
[2025-12-21T10:50:34.070Z] [INFO] [SERVER_START] Server running successfully
{
  "port": 3000,
  "environment": "development",
  "corsOrigin": "http://localhost:5173"
}
================================================================================
[2025-12-21T10:55:56.453Z] [INFO] [SERVER_START] Server running successfully
{
  "port": 3000,
  "environment": "development",
  "corsOrigin": "http://localhost:5173"
}
================================================================================
[2025-12-21T10:57:15.383Z] [INFO] [SERVER_START] Server running successfully
{
  "port": 3000,
  "environment": "development",
  "corsOrigin": "http://localhost:5173"
}
================================================================================
[2025-12-21T15:29:39.743Z] [INFO] [SERVER_START] Server running successfully
{
  "port": 3000,
  "environment": "development",
  "corsOrigin": "http://localhost:5173"
}
================================================================================
[2025-12-21T15:30:44.682Z] [INFO] [SERVER_START] Server running successfully
{
  "port": 3000,
  "environment": "development",
  "corsOrigin": "http://localhost:5173"
}
================================================================================
