[2026-01-06T10:20:46.480Z] [INFO] [SERVER_START] Server running successfully
{
  "port": 3000,
  "environment": "development",
  "corsOrigin": "http://localhost:5173"
}
================================================================================
[2026-01-06T10:34:49.378Z] [INFO] [SERVER_START] Server running successfully
{
  "port": 3000,
  "environment": "development",
  "corsOrigin": "http://localhost:5173"
}
================================================================================
[2026-01-06T10:34:59.505Z] [INFO] [SERVER_START] Server running successfully
{
  "port": 3000,
  "environment": "development",
  "corsOrigin": "http://localhost:5173"
}
================================================================================
[2026-01-06T10:37:04.119Z] [INFO] [SERVER_START] Server running successfully
{
  "port": 3000,
  "environment": "development",
  "corsOrigin": "http://localhost:5173"
}
================================================================================
[2026-01-06T10:37:12.477Z] [INFO] [SERVER_START] Server running successfully
{
  "port": 3000,
  "environment": "development",
  "corsOrigin": "http://localhost:5173"
}
================================================================================
[2026-01-06T10:37:23.460Z] [INFO] [SERVER_START] Server running successfully
{
  "port": 3000,
  "environment": "development",
  "corsOrigin": "http://localhost:5173"
}
================================================================================
[2026-01-06T10:56:38.805Z] [INFO] [SERVER_START] Server running successfully
{
  "port": 3000,
  "environment": "development",
  "corsOrigin": "http://localhost:5173"
}
================================================================================
[2026-01-06T10:57:22.438Z] [INFO] [SERVER_START] Server running successfully
{
  "port": 3000,
  "environment": "development",
  "corsOrigin": "http://localhost:5173"
}
================================================================================
[2026-01-06T10:58:31.170Z] [INFO] [SERVER_START] Server running successfully
{
  "port": 3000,
  "environment": "development",
  "corsOrigin": "http://localhost:5173"
}
================================================================================
[2026-01-06T10:59:18.205Z] [INFO] [SERVER_START] Server running successfully
{
  "port": 3000,
  "environment": "development",
  "corsOrigin": "http://localhost:5173"
}
================================================================================
[2026-01-06T10:59:27.302Z] [INFO] [SERVER_START] Server running successfully
{
  "port": 3000,
  "environment": "development",
  "corsOrigin": "http://localhost:5173"
}
================================================================================
[2026-01-06T11:00:08.312Z] [INFO] [SERVER_START] Server running successfully
{
  "port": 3000,
  "environment": "development",
  "corsOrigin": "http://localhost:5173"
}
================================================================================
[2026-01-06T11:02:47.990Z] [INFO] [SERVER_START] Server running successfully
{
  "port": 3000,
  "environment": "development",
  "corsOrigin": "http://localhost:5173"
}
================================================================================
[2026-01-06T11:02:59.842Z] [INFO] [SERVER_START] Server running successfully
{
  "port": 3000,
  "environment": "development",
  "corsOrigin": "http://localhost:5173"
}
================================================================================
[2026-01-06T11:03:16.377Z] [INFO] [SERVER_START] Server running successfully
{
  "port": 3000,
  "environment": "development",
  "corsOrigin": "http://localhost:5173"
}
================================================================================
[2026-01-06T11:05:40.099Z] [INFO] [SERVER_START] Server running successfully
{
  "port": 3000,
  "environment": "development",
  "corsOrigin": "http://localhost:5173"
}
================================================================================
[2026-01-06T11:08:53.342Z] [INFO] [SERVER_START] Server running successfully
{
  "port": 3000,
  "environment": "development",
  "corsOrigin": "http://localhost:5173"
}
================================================================================
[2026-01-06T11:09:00.846Z] [INFO] [SERVER_START] Server running successfully
{
  "port": 3000,
  "environment": "development",
  "corsOrigin": "http://localhost:5173"
}
================================================================================
[2026-01-06T11:09:07.877Z] [INFO] [SERVER_START] Server running successfully
{
  "port": 3000,
  "environment": "development",
  "corsOrigin": "http://localhost:5173"
}
================================================================================
[2026-01-06T11:09:15.010Z] [INFO] [SERVER_START] Server running successfully
{
  "port": 3000,
  "environment": "development",
  "corsOrigin": "http://localhost:5173"
}
================================================================================
[2026-01-06T11:09:42.281Z] [INFO] [SERVER_START] Server running successfully
{
  "port": 3000,
  "environment": "development",
  "corsOrigin": "http://localhost:5173"
}
================================================================================
[2026-01-06T11:10:06.887Z] [INFO] [SERVER_START] Server running successfully
{
  "port": 3000,
  "environment": "development",
  "corsOrigin": "http://localhost:5173"
}
================================================================================
[2026-01-06T11:10:28.577Z] [INFO] [SERVER_START] Server running successfully
{
  "port": 3000,
  "environment": "development",
  "corsOrigin": "http://localhost:5173"
}
================================================================================
[2026-01-06T11:10:53.882Z] [INFO] [SERVER_START] Server running successfully
{
  "port": 3000,
  "environment": "development",
  "corsOrigin": "http://localhost:5173"
}
================================================================================
[2026-01-06T11:11:04.088Z] [INFO] [SERVER_START] Server running successfully
{
  "port": 3000,
  "environment": "development",
  "corsOrigin": "http://localhost:5173"
}
================================================================================
[2026-01-06T11:11:11.314Z] [INFO] [SERVER_START] Server running successfully
{
  "port": 3000,
  "environment": "development",
  "corsOrigin": "http://localhost:5173"
}
================================================================================
[2026-01-06T11:12:17.817Z] [INFO] [SERVER_START] Server running successfully
{
  "port": 3000,
  "environment": "development",
  "corsOrigin": "http://localhost:5173"
}
================================================================================
[2026-01-06T11:12:24.671Z] [INFO] [SERVER_START] Server running successfully
{
  "port": 3000,
  "environment": "development",
  "corsOrigin": "http://localhost:5173"
}
================================================================================
[2026-01-06T11:12:49.130Z] [INFO] [SERVER_START] Server running successfully
{
  "port": 3000,
  "environment": "development",
  "corsOrigin": "http://localhost:5173"
}
================================================================================
[2026-01-06T11:12:56.931Z] [INFO] [SERVER_START] Server running successfully
{
  "port": 3000,
  "environment": "development",
  "corsOrigin": "http://localhost:5173"
}
================================================================================
[2026-01-06T11:13:46.779Z] [INFO] [SERVER_START] Server running successfully
{
  "port": 3000,
  "environment": "development",
  "corsOrigin": "http://localhost:5173"
}
================================================================================
[2026-01-06T11:17:10.007Z] [INFO] [SERVER_START] Server running successfully
{
  "port": 3000,
  "environment": "development",
  "corsOrigin": "http://localhost:5173"
}
================================================================================
[2026-01-06T11:20:38.782Z] [INFO] [SERVER_START] Server running successfully
{
  "port": 3000,
  "environment": "development",
  "corsOrigin": "http://localhost:5173"
}
================================================================================
[2026-01-06T11:36:06.512Z] [INFO] [SERVER_START] Server running successfully
{
  "port": 3000,
  "environment": "development",
  "corsOrigin": "http://localhost:5173"
}
================================================================================
[2026-01-06T11:36:30.589Z] [INFO] [SERVER_START] Server running successfully
{
  "port": 3000,
  "environment": "development",
  "corsOrigin": "http://localhost:5173"
}
================================================================================
[2026-01-06T11:37:26.610Z] [INFO] [SERVER_START] Server running successfully
{
  "port": 3000,
  "environment": "development",
  "corsOrigin": "http://localhost:5173"
}
================================================================================
[2026-01-06T11:38:47.109Z] [INFO] [SERVER_START] Server running successfully
{
  "port": 3000,
  "environment": "development",
  "corsOrigin": "http://localhost:5173"
}
================================================================================
[2026-01-06T11:39:27.874Z] [INFO] [SERVER_START] Server running successfully
{
  "port": 3000,
  "environment": "development",
  "corsOrigin": "http://localhost:5173"
}
================================================================================
[2026-01-06T11:39:56.278Z] [INFO] [SERVER_START] Server running successfully
{
  "port": 3000,
  "environment": "development",
  "corsOrigin": "http://localhost:5173"
}
================================================================================
[2026-01-06T11:40:05.970Z] [INFO] [SERVER_START] Server running successfully
{
  "port": 3000,
  "environment": "development",
  "corsOrigin": "http://localhost:5173"
}
================================================================================
[2026-01-06T11:41:31.661Z] [INFO] [SERVER_START] Server running successfully
{
  "port": 3000,
  "environment": "development",
  "corsOrigin": "http://localhost:5173"
}
================================================================================
[2026-01-06T11:41:41.675Z] [INFO] [SERVER_START] Server running successfully
{
  "port": 3000,
  "environment": "development",
  "corsOrigin": "http://localhost:5173"
}
================================================================================
[2026-01-06T11:42:13.132Z] [INFO] [SERVER_START] Server running successfully
{
  "port": 3000,
  "environment": "development",
  "corsOrigin": "http://localhost:5173"
}
================================================================================
[2026-01-06T11:42:34.096Z] [INFO] [SERVER_START] Server running successfully
{
  "port": 3000,
  "environment": "development",
  "corsOrigin": "http://localhost:5173"
}
================================================================================
[2026-01-06T11:43:15.337Z] [INFO] [SERVER_START] Server running successfully
{
  "port": 3000,
  "environment": "development",
  "corsOrigin": "http://localhost:5173"
}
================================================================================
[2026-01-06T11:43:49.941Z] [INFO] [SERVER_START] Server running successfully
{
  "port": 3000,
  "environment": "development",
  "corsOrigin": "http://localhost:5173"
}
================================================================================
[2026-01-06T11:44:16.927Z] [INFO] [SERVER_START] Server running successfully
{
  "port": 3000,
  "environment": "development",
  "corsOrigin": "http://localhost:5173"
}
================================================================================
[2026-01-06T11:45:37.940Z] [INFO] [SERVER_START] Server running successfully
{
  "port": 3000,
  "environment": "development",
  "corsOrigin": "http://localhost:5173"
}
================================================================================
[2026-01-06T11:46:27.141Z] [INFO] [SERVER_START] Server running successfully
{
  "port": 3000,
  "environment": "development",
  "corsOrigin": "http://localhost:5173"
}
================================================================================
[2026-01-06T11:47:31.872Z] [INFO] [SERVER_START] Server running successfully
{
  "port": 3000,
  "environment": "development",
  "corsOrigin": "http://localhost:5173"
}
================================================================================
[2026-01-06T11:48:13.036Z] [INFO] [SERVER_START] Server running successfully
{
  "port": 3000,
  "environment": "development",
  "corsOrigin": "http://localhost:5173"
}
================================================================================
[2026-01-06T11:49:09.439Z] [INFO] [SERVER_START] Server running successfully
{
  "port": 3000,
  "environment": "development",
  "corsOrigin": "http://localhost:5173"
}
================================================================================
[2026-01-06T11:49:17.560Z] [INFO] [SERVER_START] Server running successfully
{
  "port": 3000,
  "environment": "development",
  "corsOrigin": "http://localhost:5173"
}
================================================================================
[2026-01-06T11:49:41.318Z] [INFO] [SERVER_START] Server running successfully
{
  "port": 3000,
  "environment": "development",
  "corsOrigin": "http://localhost:5173"
}
================================================================================
[2026-01-06T11:50:17.886Z] [INFO] [SERVER_START] Server running successfully
{
  "port": 3000,
  "environment": "development",
  "corsOrigin": "http://localhost:5173"
}
================================================================================
[2026-01-06T11:50:31.373Z] [INFO] [SERVER_START] Server running successfully
{
  "port": 3000,
  "environment": "development",
  "corsOrigin": "http://localhost:5173"
}
================================================================================
[2026-01-06T11:50:46.599Z] [INFO] [SERVER_START] Server running successfully
{
  "port": 3000,
  "environment": "development",
  "corsOrigin": "http://localhost:5173"
}
================================================================================
[2026-01-06T11:51:26.660Z] [INFO] [SERVER_START] Server running successfully
{
  "port": 3000,
  "environment": "development",
  "corsOrigin": "http://localhost:5173"
}
================================================================================
[2026-01-06T11:51:37.120Z] [INFO] [SERVER_START] Server running successfully
{
  "port": 3000,
  "environment": "development",
  "corsOrigin": "http://localhost:5173"
}
================================================================================
[2026-01-06T11:51:44.853Z] [INFO] [SERVER_START] Server running successfully
{
  "port": 3000,
  "environment": "development",
  "corsOrigin": "http://localhost:5173"
}
================================================================================
[2026-01-06T11:52:18.163Z] [INFO] [SERVER_START] Server running successfully
{
  "port": 3000,
  "environment": "development",
  "corsOrigin": "http://localhost:5173"
}
================================================================================
[2026-01-06T11:53:29.485Z] [INFO] [SERVER_START] Server running successfully
{
  "port": 3000,
  "environment": "development",
  "corsOrigin": "http://localhost:5173"
}
================================================================================
[2026-01-06T11:54:07.280Z] [INFO] [SERVER_START] Server running successfully
{
  "port": 3000,
  "environment": "development",
  "corsOrigin": "http://localhost:5173"
}
================================================================================
[2026-01-06T11:54:31.957Z] [INFO] [SERVER_START] Server running successfully
{
  "port": 3000,
  "environment": "development",
  "corsOrigin": "http://localhost:5173"
}
================================================================================
[2026-01-06T11:55:15.297Z] [INFO] [SERVER_START] Server running successfully
{
  "port": 3000,
  "environment": "development",
  "corsOrigin": "http://localhost:5173"
}
================================================================================
[2026-01-06T11:55:23.745Z] [INFO] [SERVER_START] Server running successfully
{
  "port": 3000,
  "environment": "development",
  "corsOrigin": "http://localhost:5173"
}
================================================================================
[2026-01-06T11:55:39.488Z] [INFO] [SERVER_START] Server running successfully
{
  "port": 3000,
  "environment": "development",
  "corsOrigin": "http://localhost:5173"
}
================================================================================
[2026-01-06T11:56:32.443Z] [INFO] [SERVER_START] Server running successfully
{
  "port": 3000,
  "environment": "development",
  "corsOrigin": "http://localhost:5173"
}
================================================================================
[2026-01-06T11:57:52.634Z] [INFO] [SERVER_START] Server running successfully
{
  "port": 3000,
  "environment": "development",
  "corsOrigin": "http://localhost:5173"
}
================================================================================
[2026-01-06T11:58:09.252Z] [INFO] [SERVER_START] Server running successfully
{
  "port": 3000,
  "environment": "development",
  "corsOrigin": "http://localhost:5173"
}
================================================================================
[2026-01-06T11:59:35.083Z] [INFO] [SERVER_START] Server running successfully
{
  "port": 3000,
  "environment": "development",
  "corsOrigin": "http://localhost:5173"
}
================================================================================
[2026-01-06T12:02:41.110Z] [INFO] [SERVER_START] Server running successfully
{
  "port": 3000,
  "environment": "development",
  "corsOrigin": "http://localhost:5173"
}
================================================================================
[2026-01-06T12:08:42.072Z] [INFO] [SERVER_START] Server running successfully
{
  "port": 3000,
  "environment": "development",
  "corsOrigin": "http://localhost:5173"
}
================================================================================
[2026-01-06T12:16:51.835Z] [INFO] [SERVER_START] Server running successfully
{
  "port": 3000,
  "environment": "development",
  "corsOrigin": "http://localhost:5173"
}
================================================================================
[2026-01-06T12:17:24.934Z] [INFO] [SERVER_START] Server running successfully
{
  "port": 3000,
  "environment": "development",
  "corsOrigin": "http://localhost:5173"
}
================================================================================
[2026-01-06T12:20:15.789Z] [INFO] [SERVER_START] Server running successfully
{
  "port": 3000,
  "environment": "development",
  "corsOrigin": "http://localhost:5173"
}
================================================================================
[2026-01-06T12:20:31.331Z] [INFO] [SERVER_START] Server running successfully
{
  "port": 3000,
  "environment": "development",
  "corsOrigin": "http://localhost:5173"
}
================================================================================
[2026-01-06T12:21:46.544Z] [INFO] [SERVER_START] Server running successfully
{
  "port": 3000,
  "environment": "development",
  "corsOrigin": "http://localhost:5173"
}
================================================================================
[2026-01-06T12:24:17.466Z] [INFO] [SERVER_START] Server running successfully
{
  "port": 3000,
  "environment": "development",
  "corsOrigin": "http://localhost:5173"
}
================================================================================
[2026-01-06T12:24:58.776Z] [INFO] [SERVER_START] Server running successfully
{
  "port": 3000,
  "environment": "development",
  "corsOrigin": "http://localhost:5173"
}
================================================================================
[2026-01-06T12:25:50.650Z] [INFO] [SERVER_START] Server running successfully
{
  "port": 3000,
  "environment": "development",
  "corsOrigin": "http://localhost:5173"
}
================================================================================
[2026-01-06T12:27:08.818Z] [INFO] [SERVER_START] Server running successfully
{
  "port": 3000,
  "environment": "development",
  "corsOrigin": "http://localhost:5173"
}
================================================================================
[2026-01-06T12:28:00.362Z] [INFO] [SERVER_START] Server running successfully
{
  "port": 3000,
  "environment": "development",
  "corsOrigin": "http://localhost:5173"
}
================================================================================
[2026-01-06T12:28:34.169Z] [INFO] [SERVER_START] Server running successfully
{
  "port": 3000,
  "environment": "development",
  "corsOrigin": "http://localhost:5173"
}
================================================================================
[2026-01-06T12:29:32.381Z] [INFO] [SERVER_START] Server running successfully
{
  "port": 3000,
  "environment": "development",
  "corsOrigin": "http://localhost:5173"
}
================================================================================
[2026-01-06T12:30:36.655Z] [INFO] [SERVER_START] Server running successfully
{
  "port": 3000,
  "environment": "development",
  "corsOrigin": "http://localhost:5173"
}
================================================================================
[2026-01-06T12:31:39.320Z] [INFO] [SERVER_START] Server running successfully
{
  "port": 3000,
  "environment": "development",
  "corsOrigin": "http://localhost:5173"
}
================================================================================
