[2025-12-30T05:17:27.238Z] [ERROR] [POST /api/auth/signin] POST /api/auth/signin
{
  "statusCode": 401,
  "duration": "99ms",
  "ip": "::1",
  "requestBody": {
    "role": "student",
    "password": "123456",
    "enrollmentNumber": "0805CS231171"
  }
}
================================================================================
[2025-12-30T05:19:41.725Z] [ERROR] [GET /api/student/semester/current] GET /api/student/semester/current
{
  "statusCode": 404,
  "duration": "65ms",
  "ip": "::1"
}
================================================================================
[2025-12-30T05:19:41.770Z] [ERROR] [GET /api/student/semester/current] GET /api/student/semester/current
{
  "statusCode": 404,
  "duration": "9ms",
  "ip": "::1"
}
================================================================================
[2025-12-30T05:22:59.667Z] [ERROR] [GET /api/admin/profile] GET /api/admin/profile
{
  "statusCode": 401,
  "duration": "0ms",
  "ip": "::1"
}
================================================================================
[2025-12-30T05:22:59.671Z] [ERROR] [GET /api/admin/profile] GET /api/admin/profile
{
  "statusCode": 401,
  "duration": "0ms",
  "ip": "::1"
}
================================================================================
[2025-12-30T05:23:10.451Z] [ERROR] [POST /api/auth/signin] POST /api/auth/signin
{
  "statusCode": 401,
  "duration": "19ms",
  "ip": "::1",
  "requestBody": {
    "role": "hod",
    "password": "hod@1234",
    "hodId": "hod001"
  }
}
================================================================================
[2025-12-30T05:23:57.685Z] [ERROR] [POST /api/auth/signin] POST /api/auth/signin
{
  "statusCode": 401,
  "duration": "3ms",
  "ip": "::1",
  "requestBody": {
    "role": "hod",
    "password": "Hod@123",
    "hodId": "hod001"
  }
}
================================================================================
[2025-12-30T05:26:10.963Z] [ERROR] [POST /api/auth/signin] POST /api/auth/signin
{
  "statusCode": 401,
  "duration": "5ms",
  "ip": "::1",
  "requestBody": {
    "role": "hod",
    "password": "Hod@12345",
    "hodId": "hod001"
  }
}
================================================================================
[2025-12-30T05:26:29.863Z] [ERROR] [POST /api/auth/signin] POST /api/auth/signin
{
  "statusCode": 401,
  "duration": "2ms",
  "ip": "::1",
  "requestBody": {
    "role": "hod",
    "password": "Hod@12345",
    "hodId": "hod001"
  }
}
================================================================================
[2025-12-30T05:26:43.044Z] [ERROR] [POST /api/auth/signin] POST /api/auth/signin
{
  "statusCode": 401,
  "duration": "3ms",
  "ip": "::1",
  "requestBody": {
    "role": "hod",
    "password": "Hod@12345",
    "hodId": "hod001"
  }
}
================================================================================
[2025-12-30T05:27:57.894Z] [ERROR] [POST /api/auth/signin] POST /api/auth/signin
{
  "statusCode": 401,
  "duration": "3ms",
  "ip": "::1",
  "requestBody": {
    "role": "hod",
    "password": "Hod@1234",
    "hodId": "hod001"
  }
}
================================================================================
[2025-12-30T05:28:15.270Z] [ERROR] [POST /api/auth/signin] POST /api/auth/signin
{
  "statusCode": 401,
  "duration": "3ms",
  "ip": "::1",
  "requestBody": {
    "role": "hod",
    "password": "Hod@1234",
    "hodId": "hod001"
  }
}
================================================================================
[2025-12-30T05:28:41.296Z] [ERROR] [POST /api/auth/signin] POST /api/auth/signin
{
  "statusCode": 401,
  "duration": "4ms",
  "ip": "::1",
  "requestBody": {
    "role": "hod",
    "password": "123456",
    "hodId": "hod001"
  }
}
================================================================================
[2025-12-30T05:30:01.754Z] [ERROR] [POST /api/admin/login] POST /api/admin/login
{
  "statusCode": 401,
  "duration": "1ms",
  "ip": "::1",
  "requestBody": {
    "adminId": "vivekadmin",
    "password": "Admin@123456"
  }
}
================================================================================
[2025-12-30T05:30:39.479Z] [ERROR] [GET /api/admin/profile] GET /api/admin/profile
{
  "statusCode": 401,
  "duration": "1ms",
  "ip": "::1"
}
================================================================================
[2025-12-30T05:30:39.484Z] [ERROR] [GET /api/admin/profile] GET /api/admin/profile
{
  "statusCode": 401,
  "duration": "0ms",
  "ip": "::1"
}
================================================================================
[2025-12-30T05:30:53.498Z] [ERROR] [POST /api/auth/signin] POST /api/auth/signin
{
  "statusCode": 401,
  "duration": "2ms",
  "ip": "::1",
  "requestBody": {
    "role": "hod",
    "password": "Hod@123456",
    "hodId": "hod001"
  }
}
================================================================================
[2025-12-30T07:54:44.005Z] [ERROR] [GET /api/admin/profile] GET /api/admin/profile
{
  "statusCode": 401,
  "duration": "0ms",
  "ip": "::1"
}
================================================================================
[2025-12-30T07:54:44.010Z] [ERROR] [GET /api/admin/profile] GET /api/admin/profile
{
  "statusCode": 401,
  "duration": "0ms",
  "ip": "::1"
}
================================================================================
[2025-12-30T07:55:56.306Z] [ERROR] [GET /api/tg/semester/current] GET /api/tg/semester/current
{
  "statusCode": 404,
  "duration": "24ms",
  "ip": "::1"
}
================================================================================
[2025-12-30T07:55:56.315Z] [ERROR] [GET /api/tg/semester/current] GET /api/tg/semester/current
{
  "statusCode": 404,
  "duration": "7ms",
  "ip": "::1"
}
================================================================================
[2025-12-30T07:55:57.226Z] [ERROR] [GET /api/tg/semester/current] GET /api/tg/semester/current
{
  "statusCode": 404,
  "duration": "8ms",
  "ip": "::1"
}
================================================================================
[2025-12-30T07:55:57.242Z] [ERROR] [GET /api/tg/semester/current] GET /api/tg/semester/current
{
  "statusCode": 404,
  "duration": "9ms",
  "ip": "::1"
}
================================================================================
[2025-12-30T07:56:20.778Z] [ERROR] [GET /api/student/semester/current] GET /api/student/semester/current
{
  "statusCode": 404,
  "duration": "46ms",
  "ip": "::1"
}
================================================================================
[2025-12-30T07:56:20.838Z] [ERROR] [GET /api/student/semester/current] GET /api/student/semester/current
{
  "statusCode": 404,
  "duration": "28ms",
  "ip": "::1"
}
================================================================================
[2025-12-30T08:08:47.093Z] [ERROR] [GET /api/student/semester/current] GET /api/student/semester/current
{
  "statusCode": 404,
  "duration": "19ms",
  "ip": "::1"
}
================================================================================
[2025-12-30T08:08:47.190Z] [ERROR] [GET /api/student/semester/current] GET /api/student/semester/current
{
  "statusCode": 404,
  "duration": "43ms",
  "ip": "::1"
}
================================================================================
[2025-12-30T08:21:27.134Z] [ERROR] [GET /api/student/semester/current] GET /api/student/semester/current
{
  "statusCode": 404,
  "duration": "25ms",
  "ip": "::1"
}
================================================================================
[2025-12-30T08:21:27.188Z] [ERROR] [GET /api/student/semester/current] GET /api/student/semester/current
{
  "statusCode": 404,
  "duration": "25ms",
  "ip": "::1"
}
================================================================================
[2025-12-30T08:21:41.395Z] [ERROR] [POST /api/auth/signin] POST /api/auth/signin
{
  "statusCode": 401,
  "duration": "9ms",
  "ip": "::1",
  "requestBody": {
    "role": "tg",
    "password": "tg@1234",
    "tgId": "tg101"
  }
}
================================================================================
[2025-12-30T08:21:53.204Z] [ERROR] [GET /api/tg/semester/current] GET /api/tg/semester/current
{
  "statusCode": 404,
  "duration": "11ms",
  "ip": "::1"
}
================================================================================
[2025-12-30T08:21:53.217Z] [ERROR] [GET /api/tg/semester/current] GET /api/tg/semester/current
{
  "statusCode": 404,
  "duration": "7ms",
  "ip": "::1"
}
================================================================================
[2025-12-30T08:21:57.110Z] [ERROR] [GET /api/tg/semester/current] GET /api/tg/semester/current
{
  "statusCode": 404,
  "duration": "18ms",
  "ip": "::1"
}
================================================================================
[2025-12-30T08:21:57.133Z] [ERROR] [GET /api/tg/semester/current] GET /api/tg/semester/current
{
  "statusCode": 404,
  "duration": "12ms",
  "ip": "::1"
}
================================================================================
[2025-12-30T08:41:49.072Z] [ERROR] [GET /api/student/semester/current] GET /api/student/semester/current
{
  "statusCode": 404,
  "duration": "44ms",
  "ip": "::1"
}
================================================================================
[2025-12-30T08:41:49.147Z] [ERROR] [GET /api/student/semester/current] GET /api/student/semester/current
{
  "statusCode": 404,
  "duration": "37ms",
  "ip": "::1"
}
================================================================================
[2025-12-30T08:42:02.709Z] [ERROR] [GET /api/student/semester/current] GET /api/student/semester/current
{
  "statusCode": 404,
  "duration": "27ms",
  "ip": "::1"
}
================================================================================
[2025-12-30T08:42:02.764Z] [ERROR] [GET /api/student/semester/current] GET /api/student/semester/current
{
  "statusCode": 404,
  "duration": "29ms",
  "ip": "::1"
}
================================================================================
[2025-12-30T08:51:06.627Z] [ERROR] [POST /api/auth/signin] POST /api/auth/signin
{
  "statusCode": 401,
  "duration": "58ms",
  "ip": "::1",
  "requestBody": {
    "role": "faculty",
    "password": "faculty@1234",
    "facultyId": "fac001"
  }
}
================================================================================
[2025-12-30T08:51:29.665Z] [ERROR] [POST /api/auth/signin] POST /api/auth/signin
{
  "statusCode": 401,
  "duration": "2ms",
  "ip": "::1",
  "requestBody": {
    "role": "faculty",
    "password": "123456",
    "facultyId": "fac001"
  }
}
================================================================================
[2025-12-30T08:52:13.938Z] [ERROR] [POST /api/auth/signin] POST /api/auth/signin
{
  "statusCode": 401,
  "duration": "3ms",
  "ip": "::1",
  "requestBody": {
    "role": "faculty",
    "password": "123456",
    "facultyId": "fac001"
  }
}
================================================================================
