[2026-01-06T11:00:36.049Z] [INFO] [POST /api/auth/signin] Response Status: 200 | Duration: 64ms
{
  "ip": "::1",
  "userAgent": "axios/1.13.2"
}
================================================================================
[2026-01-06T11:00:36.081Z] [INFO] [POST /api/complaints] Response Status: 201 | Duration: 20ms
{
  "ip": "::1",
  "userAgent": "axios/1.13.2"
}
================================================================================
[2026-01-06T11:00:36.089Z] [INFO] [POST /api/auth/signin] Response Status: 200 | Duration: 4ms
{
  "ip": "::1",
  "userAgent": "axios/1.13.2"
}
================================================================================
[2026-01-06T11:00:36.112Z] [INFO] [GET /api/complaints/department] Response Status: 200 | Duration: 16ms
{
  "ip": "::1",
  "userAgent": "axios/1.13.2"
}
================================================================================
[2026-01-06T11:00:36.135Z] [INFO] [PATCH /api/complaints/695ceb54609e305e52be6c0b/resolve] Response Status: 200 | Duration: 18ms
{
  "ip": "::1",
  "userAgent": "axios/1.13.2"
}
================================================================================
[2026-01-06T11:05:22.088Z] [INFO] [POST /api/auth/signin] Response Status: 200 | Duration: 20ms
{
  "ip": "::1",
  "userAgent": "axios/1.13.2"
}
================================================================================
[2026-01-06T11:05:22.373Z] [INFO] [POST /api/hod/announcements] Response Status: 201 | Duration: 273ms
{
  "ip": "::1",
  "userAgent": "axios/1.13.2"
}
================================================================================
[2026-01-06T11:05:22.383Z] [INFO] [POST /api/hod/announcements] Response Status: 201 | Duration: 6ms
{
  "ip": "::1",
  "userAgent": "axios/1.13.2"
}
================================================================================
[2026-01-06T11:05:22.395Z] [INFO] [POST /api/auth/signin] Response Status: 200 | Duration: 8ms
{
  "ip": "::1",
  "userAgent": "axios/1.13.2"
}
================================================================================
[2026-01-06T11:05:49.186Z] [INFO] [POST /api/auth/signin] Response Status: 200 | Duration: 19ms
{
  "ip": "::1",
  "userAgent": "axios/1.13.2"
}
================================================================================
[2026-01-06T11:05:49.222Z] [INFO] [POST /api/hod/announcements] Response Status: 201 | Duration: 23ms
{
  "ip": "::1",
  "userAgent": "axios/1.13.2"
}
================================================================================
[2026-01-06T11:05:49.230Z] [INFO] [POST /api/hod/announcements] Response Status: 201 | Duration: 5ms
{
  "ip": "::1",
  "userAgent": "axios/1.13.2"
}
================================================================================
[2026-01-06T11:05:49.240Z] [INFO] [POST /api/auth/signin] Response Status: 200 | Duration: 6ms
{
  "ip": "::1",
  "userAgent": "axios/1.13.2"
}
================================================================================
[2026-01-06T11:05:49.369Z] [INFO] [GET /api/0805CS221001/announcements] Response Status: 200 | Duration: 125ms
{
  "ip": "::1",
  "userAgent": "axios/1.13.2"
}
================================================================================
[2026-01-06T11:10:39.834Z] [INFO] [POST /api/auth/signin] Response Status: 200 | Duration: 19ms
{
  "ip": "::1",
  "userAgent": "axios/1.13.2"
}
================================================================================
[2026-01-06T11:10:39.950Z] [INFO] [GET /api/0805CS221001/semester/current] Response Status: 200 | Duration: 106ms
{
  "ip": "::1",
  "userAgent": "axios/1.13.2"
}
================================================================================
[2026-01-06T11:10:39.968Z] [INFO] [GET /api/materials/subject/695ced99159430fa02a6d362] Response Status: 200 | Duration: 13ms
{
  "ip": "::1",
  "userAgent": "axios/1.13.2"
}
================================================================================
[2026-01-06T11:19:39.296Z] [INFO] [POST /api/auth/signin] Response Status: 200 | Duration: 22ms
{
  "ip": "::1",
  "userAgent": "axios/1.13.2"
}
================================================================================
[2026-01-06T11:19:39.326Z] [INFO] [GET /api/student/semester/current] Response Status: 200 | Duration: 19ms
{
  "ip": "::1",
  "userAgent": "axios/1.13.2"
}
================================================================================
[2026-01-06T11:19:39.334Z] [INFO] [GET /api/complaints/my] Response Status: 200 | Duration: 4ms
{
  "ip": "::1",
  "userAgent": "axios/1.13.2"
}
================================================================================
[2026-01-06T11:19:39.342Z] [INFO] [POST /api/auth/signin] Response Status: 200 | Duration: 4ms
{
  "ip": "::1",
  "userAgent": "axios/1.13.2"
}
================================================================================
[2026-01-06T11:19:39.349Z] [INFO] [GET /api/complaints/department] Response Status: 200 | Duration: 3ms
{
  "ip": "::1",
  "userAgent": "axios/1.13.2"
}
================================================================================
[2026-01-06T11:25:02.670Z] [INFO] [POST /api/auth/signin] Response Status: 200 | Duration: 36ms
{
  "ip": "::1",
  "userAgent": "Mozilla/5.0 (Windows NT 10.0; Win64; x64) AppleWebKit/537.36 (KHTML, like Gecko) Chrome/143.0.0.0 Safari/537.36"
}
================================================================================
[2026-01-06T11:25:02.753Z] [INFO] [GET /api/student/profile] Response Status: 200 | Duration: 22ms
{
  "ip": "::1",
  "userAgent": "Mozilla/5.0 (Windows NT 10.0; Win64; x64) AppleWebKit/537.36 (KHTML, like Gecko) Chrome/143.0.0.0 Safari/537.36"
}
================================================================================
[2026-01-06T11:25:02.767Z] [INFO] [GET /api/student/profile] Response Status: 200 | Duration: 8ms
{
  "ip": "::1",
  "userAgent": "Mozilla/5.0 (Windows NT 10.0; Win64; x64) AppleWebKit/537.36 (KHTML, like Gecko) Chrome/143.0.0.0 Safari/537.36"
}
================================================================================
[2026-01-06T11:25:02.778Z] [INFO] [GET /api/student/profile] Response Status: 200 | Duration: 8ms
{
  "ip": "::1",
  "userAgent": "Mozilla/5.0 (Windows NT 10.0; Win64; x64) AppleWebKit/537.36 (KHTML, like Gecko) Chrome/143.0.0.0 Safari/537.36"
}
================================================================================
[2026-01-06T11:25:02.789Z] [INFO] [GET /api/student/profile] Response Status: 200 | Duration: 8ms
{
  "ip": "::1",
  "userAgent": "Mozilla/5.0 (Windows NT 10.0; Win64; x64) AppleWebKit/537.36 (KHTML, like Gecko) Chrome/143.0.0.0 Safari/537.36"
}
================================================================================
[2026-01-06T11:25:02.893Z] [INFO] [GET /api/student/profile] Response Status: 200 | Duration: 23ms
{
  "ip": "::1",
  "userAgent": "Mozilla/5.0 (Windows NT 10.0; Win64; x64) AppleWebKit/537.36 (KHTML, like Gecko) Chrome/143.0.0.0 Safari/537.36"
}
================================================================================
[2026-01-06T11:25:02.937Z] [INFO] [GET /api/student/marks?semesterNumber=1] Response Status: 200 | Duration: 34ms
{
  "ip": "::1",
  "userAgent": "Mozilla/5.0 (Windows NT 10.0; Win64; x64) AppleWebKit/537.36 (KHTML, like Gecko) Chrome/143.0.0.0 Safari/537.36"
}
================================================================================
[2026-01-06T11:25:02.972Z] [INFO] [GET /api/student/attendance?semesterNumber=1] Response Status: 200 | Duration: 87ms
{
  "ip": "::1",
  "userAgent": "Mozilla/5.0 (Windows NT 10.0; Win64; x64) AppleWebKit/537.36 (KHTML, like Gecko) Chrome/143.0.0.0 Safari/537.36"
}
================================================================================
[2026-01-06T11:25:02.983Z] [INFO] [GET /api/student/semester/current] Response Status: 200 | Duration: 108ms
{
  "ip": "::1",
  "userAgent": "Mozilla/5.0 (Windows NT 10.0; Win64; x64) AppleWebKit/537.36 (KHTML, like Gecko) Chrome/143.0.0.0 Safari/537.36"
}
================================================================================
[2026-01-06T11:25:02.996Z] [INFO] [GET /api/student/announcements?semesterNumber=1] Response Status: 200 | Duration: 79ms
{
  "ip": "::1",
  "userAgent": "Mozilla/5.0 (Windows NT 10.0; Win64; x64) AppleWebKit/537.36 (KHTML, like Gecko) Chrome/143.0.0.0 Safari/537.36"
}
================================================================================
[2026-01-06T11:25:03.005Z] [INFO] [GET /api/student/assignments?semesterNumber=1] Response Status: 200 | Duration: 97ms
{
  "ip": "::1",
  "userAgent": "Mozilla/5.0 (Windows NT 10.0; Win64; x64) AppleWebKit/537.36 (KHTML, like Gecko) Chrome/143.0.0.0 Safari/537.36"
}
================================================================================
[2026-01-06T11:25:03.015Z] [INFO] [GET /api/student/marks?semesterNumber=1] Response Status: 200 | Duration: 17ms
{
  "ip": "::1",
  "userAgent": "Mozilla/5.0 (Windows NT 10.0; Win64; x64) AppleWebKit/537.36 (KHTML, like Gecko) Chrome/143.0.0.0 Safari/537.36"
}
================================================================================
[2026-01-06T11:25:03.017Z] [INFO] [GET /api/student/feedback?semesterNumber=1] Response Status: 200 | Duration: 57ms
{
  "ip": "::1",
  "userAgent": "Mozilla/5.0 (Windows NT 10.0; Win64; x64) AppleWebKit/537.36 (KHTML, like Gecko) Chrome/143.0.0.0 Safari/537.36"
}
================================================================================
[2026-01-06T11:25:03.021Z] [INFO] [GET /api/student/profile] Response Status: 200 | Duration: 56ms
{
  "ip": "::1",
  "userAgent": "Mozilla/5.0 (Windows NT 10.0; Win64; x64) AppleWebKit/537.36 (KHTML, like Gecko) Chrome/143.0.0.0 Safari/537.36"
}
================================================================================
[2026-01-06T11:25:03.048Z] [INFO] [GET /api/student/feedback?semesterNumber=1] Response Status: 200 | Duration: 12ms
{
  "ip": "::1",
  "userAgent": "Mozilla/5.0 (Windows NT 10.0; Win64; x64) AppleWebKit/537.36 (KHTML, like Gecko) Chrome/143.0.0.0 Safari/537.36"
}
================================================================================
[2026-01-06T11:25:03.055Z] [INFO] [GET /api/student/attendance?semesterNumber=1] Response Status: 200 | Duration: 45ms
{
  "ip": "::1",
  "userAgent": "Mozilla/5.0 (Windows NT 10.0; Win64; x64) AppleWebKit/537.36 (KHTML, like Gecko) Chrome/143.0.0.0 Safari/537.36"
}
================================================================================
[2026-01-06T11:25:03.066Z] [INFO] [GET /api/student/announcements?semesterNumber=1] Response Status: 200 | Duration: 36ms
{
  "ip": "::1",
  "userAgent": "Mozilla/5.0 (Windows NT 10.0; Win64; x64) AppleWebKit/537.36 (KHTML, like Gecko) Chrome/143.0.0.0 Safari/537.36"
}
================================================================================
[2026-01-06T11:25:03.071Z] [INFO] [GET /api/student/semester/current] Response Status: 200 | Duration: 48ms
{
  "ip": "::1",
  "userAgent": "Mozilla/5.0 (Windows NT 10.0; Win64; x64) AppleWebKit/537.36 (KHTML, like Gecko) Chrome/143.0.0.0 Safari/537.36"
}
================================================================================
[2026-01-06T11:25:03.073Z] [INFO] [GET /api/student/assignments?semesterNumber=1] Response Status: 200 | Duration: 39ms
{
  "ip": "::1",
  "userAgent": "Mozilla/5.0 (Windows NT 10.0; Win64; x64) AppleWebKit/537.36 (KHTML, like Gecko) Chrome/143.0.0.0 Safari/537.36"
}
================================================================================
[2026-01-06T11:25:08.401Z] [INFO] [GET /api/student/profile] Response Status: 200 | Duration: 5ms
{
  "ip": "::1",
  "userAgent": "Mozilla/5.0 (Windows NT 10.0; Win64; x64) AppleWebKit/537.36 (KHTML, like Gecko) Chrome/143.0.0.0 Safari/537.36"
}
================================================================================
[2026-01-06T11:25:08.407Z] [INFO] [GET /api/student/attendance?semesterNumber=1] Response Status: 200 | Duration: 15ms
{
  "ip": "::1",
  "userAgent": "Mozilla/5.0 (Windows NT 10.0; Win64; x64) AppleWebKit/537.36 (KHTML, like Gecko) Chrome/143.0.0.0 Safari/537.36"
}
================================================================================
[2026-01-06T11:25:08.409Z] [INFO] [GET /api/student/profile] Response Status: 200 | Duration: 5ms
{
  "ip": "::1",
  "userAgent": "Mozilla/5.0 (Windows NT 10.0; Win64; x64) AppleWebKit/537.36 (KHTML, like Gecko) Chrome/143.0.0.0 Safari/537.36"
}
================================================================================
[2026-01-06T11:25:08.418Z] [INFO] [GET /api/student/attendance?semesterNumber=1] Response Status: 200 | Duration: 6ms
{
  "ip": "::1",
  "userAgent": "Mozilla/5.0 (Windows NT 10.0; Win64; x64) AppleWebKit/537.36 (KHTML, like Gecko) Chrome/143.0.0.0 Safari/537.36"
}
================================================================================
[2026-01-06T11:25:09.385Z] [INFO] [GET /api/student/profile] Response Status: 200 | Duration: 5ms
{
  "ip": "::1",
  "userAgent": "Mozilla/5.0 (Windows NT 10.0; Win64; x64) AppleWebKit/537.36 (KHTML, like Gecko) Chrome/143.0.0.0 Safari/537.36"
}
================================================================================
[2026-01-06T11:25:09.388Z] [INFO] [GET /api/schedule/class] Response Status: 200 | Duration: 13ms
{
  "ip": "::1",
  "userAgent": "Mozilla/5.0 (Windows NT 10.0; Win64; x64) AppleWebKit/537.36 (KHTML, like Gecko) Chrome/143.0.0.0 Safari/537.36"
}
================================================================================
[2026-01-06T11:25:09.402Z] [INFO] [GET /api/student/profile] Response Status: 200 | Duration: 13ms
{
  "ip": "::1",
  "userAgent": "Mozilla/5.0 (Windows NT 10.0; Win64; x64) AppleWebKit/537.36 (KHTML, like Gecko) Chrome/143.0.0.0 Safari/537.36"
}
================================================================================
[2026-01-06T11:25:09.406Z] [INFO] [GET /api/schedule/class] Response Status: 200 | Duration: 11ms
{
  "ip": "::1",
  "userAgent": "Mozilla/5.0 (Windows NT 10.0; Win64; x64) AppleWebKit/537.36 (KHTML, like Gecko) Chrome/143.0.0.0 Safari/537.36"
}
================================================================================
[2026-01-06T11:25:09.438Z] [INFO] [GET /api/schedule/class] Response Status: 200 | Duration: 4ms
{
  "ip": "::1",
  "userAgent": "Mozilla/5.0 (Windows NT 10.0; Win64; x64) AppleWebKit/537.36 (KHTML, like Gecko) Chrome/143.0.0.0 Safari/537.36"
}
================================================================================
[2026-01-06T11:25:11.535Z] [INFO] [GET /api/student/marks?semesterNumber=1] Response Status: 200 | Duration: 12ms
{
  "ip": "::1",
  "userAgent": "Mozilla/5.0 (Windows NT 10.0; Win64; x64) AppleWebKit/537.36 (KHTML, like Gecko) Chrome/143.0.0.0 Safari/537.36"
}
================================================================================
[2026-01-06T11:25:11.539Z] [INFO] [GET /api/student/profile] Response Status: 200 | Duration: 11ms
{
  "ip": "::1",
  "userAgent": "Mozilla/5.0 (Windows NT 10.0; Win64; x64) AppleWebKit/537.36 (KHTML, like Gecko) Chrome/143.0.0.0 Safari/537.36"
}
================================================================================
[2026-01-06T11:25:11.552Z] [INFO] [GET /api/student/marks?semesterNumber=1] Response Status: 200 | Duration: 11ms
{
  "ip": "::1",
  "userAgent": "Mozilla/5.0 (Windows NT 10.0; Win64; x64) AppleWebKit/537.36 (KHTML, like Gecko) Chrome/143.0.0.0 Safari/537.36"
}
================================================================================
[2026-01-06T11:25:11.556Z] [INFO] [GET /api/student/profile] Response Status: 200 | Duration: 8ms
{
  "ip": "::1",
  "userAgent": "Mozilla/5.0 (Windows NT 10.0; Win64; x64) AppleWebKit/537.36 (KHTML, like Gecko) Chrome/143.0.0.0 Safari/537.36"
}
================================================================================
[2026-01-06T11:25:13.945Z] [INFO] [GET /api/student/profile] Response Status: 200 | Duration: 5ms
{
  "ip": "::1",
  "userAgent": "Mozilla/5.0 (Windows NT 10.0; Win64; x64) AppleWebKit/537.36 (KHTML, like Gecko) Chrome/143.0.0.0 Safari/537.36"
}
================================================================================
[2026-01-06T11:25:13.954Z] [INFO] [GET /api/student/profile] Response Status: 200 | Duration: 6ms
{
  "ip": "::1",
  "userAgent": "Mozilla/5.0 (Windows NT 10.0; Win64; x64) AppleWebKit/537.36 (KHTML, like Gecko) Chrome/143.0.0.0 Safari/537.36"
}
================================================================================
[2026-01-06T11:25:13.956Z] [INFO] [GET /api/student/assignments?semesterNumber=1] Response Status: 200 | Duration: 18ms
{
  "ip": "::1",
  "userAgent": "Mozilla/5.0 (Windows NT 10.0; Win64; x64) AppleWebKit/537.36 (KHTML, like Gecko) Chrome/143.0.0.0 Safari/537.36"
}
================================================================================
[2026-01-06T11:25:13.966Z] [INFO] [GET /api/student/assignments?semesterNumber=1] Response Status: 200 | Duration: 8ms
{
  "ip": "::1",
  "userAgent": "Mozilla/5.0 (Windows NT 10.0; Win64; x64) AppleWebKit/537.36 (KHTML, like Gecko) Chrome/143.0.0.0 Safari/537.36"
}
================================================================================
[2026-01-06T11:25:14.989Z] [INFO] [GET /api/student/profile] Response Status: 200 | Duration: 6ms
{
  "ip": "::1",
  "userAgent": "Mozilla/5.0 (Windows NT 10.0; Win64; x64) AppleWebKit/537.36 (KHTML, like Gecko) Chrome/143.0.0.0 Safari/537.36"
}
================================================================================
[2026-01-06T11:25:14.998Z] [INFO] [GET /api/student/profile] Response Status: 200 | Duration: 6ms
{
  "ip": "::1",
  "userAgent": "Mozilla/5.0 (Windows NT 10.0; Win64; x64) AppleWebKit/537.36 (KHTML, like Gecko) Chrome/143.0.0.0 Safari/537.36"
}
================================================================================
[2026-01-06T11:25:15.002Z] [INFO] [GET /api/student/semester/current] Response Status: 200 | Duration: 21ms
{
  "ip": "::1",
  "userAgent": "Mozilla/5.0 (Windows NT 10.0; Win64; x64) AppleWebKit/537.36 (KHTML, like Gecko) Chrome/143.0.0.0 Safari/537.36"
}
================================================================================
[2026-01-06T11:25:15.016Z] [INFO] [GET /api/student/semester/current] Response Status: 200 | Duration: 11ms
{
  "ip": "::1",
  "userAgent": "Mozilla/5.0 (Windows NT 10.0; Win64; x64) AppleWebKit/537.36 (KHTML, like Gecko) Chrome/143.0.0.0 Safari/537.36"
}
================================================================================
[2026-01-06T11:25:15.031Z] [INFO] [GET /api/materials/subject/695cee4332125ddb7a6f9f0d] Response Status: 200 | Duration: 10ms
{
  "ip": "::1",
  "userAgent": "Mozilla/5.0 (Windows NT 10.0; Win64; x64) AppleWebKit/537.36 (KHTML, like Gecko) Chrome/143.0.0.0 Safari/537.36"
}
================================================================================
[2026-01-06T11:25:15.079Z] [INFO] [GET /api/student/semester/current] Response Status: 200 | Duration: 62ms
{
  "ip": "::1",
  "userAgent": "Mozilla/5.0 (Windows NT 10.0; Win64; x64) AppleWebKit/537.36 (KHTML, like Gecko) Chrome/143.0.0.0 Safari/537.36"
}
================================================================================
[2026-01-06T11:25:16.367Z] [INFO] [GET /api/student/marks?semesterNumber=1] Response Status: 200 | Duration: 12ms
{
  "ip": "::1",
  "userAgent": "Mozilla/5.0 (Windows NT 10.0; Win64; x64) AppleWebKit/537.36 (KHTML, like Gecko) Chrome/143.0.0.0 Safari/537.36"
}
================================================================================
[2026-01-06T11:25:16.388Z] [INFO] [GET /api/student/attendance?semesterNumber=1] Response Status: 200 | Duration: 36ms
{
  "ip": "::1",
  "userAgent": "Mozilla/5.0 (Windows NT 10.0; Win64; x64) AppleWebKit/537.36 (KHTML, like Gecko) Chrome/143.0.0.0 Safari/537.36"
}
================================================================================
[2026-01-06T11:25:16.393Z] [INFO] [GET /api/student/feedback?semesterNumber=1] Response Status: 200 | Duration: 13ms
{
  "ip": "::1",
  "userAgent": "Mozilla/5.0 (Windows NT 10.0; Win64; x64) AppleWebKit/537.36 (KHTML, like Gecko) Chrome/143.0.0.0 Safari/537.36"
}
================================================================================
[2026-01-06T11:25:16.397Z] [INFO] [GET /api/student/semester/current] Response Status: 200 | Duration: 52ms
{
  "ip": "::1",
  "userAgent": "Mozilla/5.0 (Windows NT 10.0; Win64; x64) AppleWebKit/537.36 (KHTML, like Gecko) Chrome/143.0.0.0 Safari/537.36"
}
================================================================================
[2026-01-06T11:25:16.400Z] [INFO] [GET /api/student/profile] Response Status: 200 | Duration: 14ms
{
  "ip": "::1",
  "userAgent": "Mozilla/5.0 (Windows NT 10.0; Win64; x64) AppleWebKit/537.36 (KHTML, like Gecko) Chrome/143.0.0.0 Safari/537.36"
}
================================================================================
[2026-01-06T11:25:16.406Z] [INFO] [GET /api/student/announcements?semesterNumber=1] Response Status: 200 | Duration: 41ms
{
  "ip": "::1",
  "userAgent": "Mozilla/5.0 (Windows NT 10.0; Win64; x64) AppleWebKit/537.36 (KHTML, like Gecko) Chrome/143.0.0.0 Safari/537.36"
}
================================================================================
[2026-01-06T11:25:16.415Z] [INFO] [GET /api/student/marks?semesterNumber=1] Response Status: 200 | Duration: 13ms
{
  "ip": "::1",
  "userAgent": "Mozilla/5.0 (Windows NT 10.0; Win64; x64) AppleWebKit/537.36 (KHTML, like Gecko) Chrome/143.0.0.0 Safari/537.36"
}
================================================================================
[2026-01-06T11:25:16.416Z] [INFO] [GET /api/student/assignments?semesterNumber=1] Response Status: 200 | Duration: 55ms
{
  "ip": "::1",
  "userAgent": "Mozilla/5.0 (Windows NT 10.0; Win64; x64) AppleWebKit/537.36 (KHTML, like Gecko) Chrome/143.0.0.0 Safari/537.36"
}
================================================================================
[2026-01-06T11:25:16.423Z] [INFO] [GET /api/student/feedback?semesterNumber=1] Response Status: 200 | Duration: 10ms
{
  "ip": "::1",
  "userAgent": "Mozilla/5.0 (Windows NT 10.0; Win64; x64) AppleWebKit/537.36 (KHTML, like Gecko) Chrome/143.0.0.0 Safari/537.36"
}
================================================================================
[2026-01-06T11:25:16.435Z] [INFO] [GET /api/student/profile] Response Status: 200 | Duration: 11ms
{
  "ip": "::1",
  "userAgent": "Mozilla/5.0 (Windows NT 10.0; Win64; x64) AppleWebKit/537.36 (KHTML, like Gecko) Chrome/143.0.0.0 Safari/537.36"
}
================================================================================
[2026-01-06T11:25:16.440Z] [INFO] [GET /api/student/attendance?semesterNumber=1] Response Status: 200 | Duration: 30ms
{
  "ip": "::1",
  "userAgent": "Mozilla/5.0 (Windows NT 10.0; Win64; x64) AppleWebKit/537.36 (KHTML, like Gecko) Chrome/143.0.0.0 Safari/537.36"
}
================================================================================
[2026-01-06T11:25:16.450Z] [INFO] [GET /api/student/announcements?semesterNumber=1] Response Status: 200 | Duration: 23ms
{
  "ip": "::1",
  "userAgent": "Mozilla/5.0 (Windows NT 10.0; Win64; x64) AppleWebKit/537.36 (KHTML, like Gecko) Chrome/143.0.0.0 Safari/537.36"
}
================================================================================
[2026-01-06T11:25:16.455Z] [INFO] [GET /api/student/semester/current] Response Status: 200 | Duration: 37ms
{
  "ip": "::1",
  "userAgent": "Mozilla/5.0 (Windows NT 10.0; Win64; x64) AppleWebKit/537.36 (KHTML, like Gecko) Chrome/143.0.0.0 Safari/537.36"
}
================================================================================
[2026-01-06T11:25:16.458Z] [INFO] [GET /api/student/assignments?semesterNumber=1] Response Status: 200 | Duration: 26ms
{
  "ip": "::1",
  "userAgent": "Mozilla/5.0 (Windows NT 10.0; Win64; x64) AppleWebKit/537.36 (KHTML, like Gecko) Chrome/143.0.0.0 Safari/537.36"
}
================================================================================
[2026-01-06T11:25:20.001Z] [INFO] [GET /api/student/profile] Response Status: 200 | Duration: 4ms
{
  "ip": "::1",
  "userAgent": "Mozilla/5.0 (Windows NT 10.0; Win64; x64) AppleWebKit/537.36 (KHTML, like Gecko) Chrome/143.0.0.0 Safari/537.36"
}
================================================================================
[2026-01-06T11:25:20.007Z] [INFO] [GET /api/student/profile] Response Status: 200 | Duration: 3ms
{
  "ip": "::1",
  "userAgent": "Mozilla/5.0 (Windows NT 10.0; Win64; x64) AppleWebKit/537.36 (KHTML, like Gecko) Chrome/143.0.0.0 Safari/537.36"
}
================================================================================
[2026-01-06T11:25:20.013Z] [INFO] [GET /api/student/profile] Response Status: 200 | Duration: 4ms
{
  "ip": "::1",
  "userAgent": "Mozilla/5.0 (Windows NT 10.0; Win64; x64) AppleWebKit/537.36 (KHTML, like Gecko) Chrome/143.0.0.0 Safari/537.36"
}
================================================================================
[2026-01-06T11:25:20.020Z] [INFO] [GET /api/student/profile] Response Status: 200 | Duration: 4ms
{
  "ip": "::1",
  "userAgent": "Mozilla/5.0 (Windows NT 10.0; Win64; x64) AppleWebKit/537.36 (KHTML, like Gecko) Chrome/143.0.0.0 Safari/537.36"
}
================================================================================
[2026-01-06T11:25:28.860Z] [INFO] [GET /api/student/profile] Response Status: 200 | Duration: 5ms
{
  "ip": "::1",
  "userAgent": "Mozilla/5.0 (Windows NT 10.0; Win64; x64) AppleWebKit/537.36 (KHTML, like Gecko) Chrome/143.0.0.0 Safari/537.36"
}
================================================================================
[2026-01-06T11:25:28.868Z] [INFO] [GET /api/student/attendance?semesterNumber=1] Response Status: 200 | Duration: 15ms
{
  "ip": "::1",
  "userAgent": "Mozilla/5.0 (Windows NT 10.0; Win64; x64) AppleWebKit/537.36 (KHTML, like Gecko) Chrome/143.0.0.0 Safari/537.36"
}
================================================================================
[2026-01-06T11:25:28.876Z] [INFO] [GET /api/student/profile] Response Status: 200 | Duration: 6ms
{
  "ip": "::1",
  "userAgent": "Mozilla/5.0 (Windows NT 10.0; Win64; x64) AppleWebKit/537.36 (KHTML, like Gecko) Chrome/143.0.0.0 Safari/537.36"
}
================================================================================
[2026-01-06T11:25:28.881Z] [INFO] [GET /api/student/attendance?semesterNumber=1] Response Status: 200 | Duration: 7ms
{
  "ip": "::1",
  "userAgent": "Mozilla/5.0 (Windows NT 10.0; Win64; x64) AppleWebKit/537.36 (KHTML, like Gecko) Chrome/143.0.0.0 Safari/537.36"
}
================================================================================
[2026-01-06T11:25:34.662Z] [INFO] [GET /api/student/profile] Response Status: 200 | Duration: 7ms
{
  "ip": "::1",
  "userAgent": "Mozilla/5.0 (Windows NT 10.0; Win64; x64) AppleWebKit/537.36 (KHTML, like Gecko) Chrome/143.0.0.0 Safari/537.36"
}
================================================================================
[2026-01-06T11:25:34.671Z] [INFO] [GET /api/student/profile] Response Status: 200 | Duration: 6ms
{
  "ip": "::1",
  "userAgent": "Mozilla/5.0 (Windows NT 10.0; Win64; x64) AppleWebKit/537.36 (KHTML, like Gecko) Chrome/143.0.0.0 Safari/537.36"
}
================================================================================
[2026-01-06T11:25:34.681Z] [INFO] [GET /api/student/profile] Response Status: 200 | Duration: 6ms
{
  "ip": "::1",
  "userAgent": "Mozilla/5.0 (Windows NT 10.0; Win64; x64) AppleWebKit/537.36 (KHTML, like Gecko) Chrome/143.0.0.0 Safari/537.36"
}
================================================================================
[2026-01-06T11:25:34.689Z] [INFO] [GET /api/student/profile] Response Status: 200 | Duration: 5ms
{
  "ip": "::1",
  "userAgent": "Mozilla/5.0 (Windows NT 10.0; Win64; x64) AppleWebKit/537.36 (KHTML, like Gecko) Chrome/143.0.0.0 Safari/537.36"
}
================================================================================
[2026-01-06T11:25:36.327Z] [INFO] [GET /api/complaints/my] Response Status: 200 | Duration: 6ms
{
  "ip": "::1",
  "userAgent": "Mozilla/5.0 (Windows NT 10.0; Win64; x64) AppleWebKit/537.36 (KHTML, like Gecko) Chrome/143.0.0.0 Safari/537.36"
}
================================================================================
[2026-01-06T11:25:36.330Z] [INFO] [GET /api/student/profile] Response Status: 200 | Duration: 5ms
{
  "ip": "::1",
  "userAgent": "Mozilla/5.0 (Windows NT 10.0; Win64; x64) AppleWebKit/537.36 (KHTML, like Gecko) Chrome/143.0.0.0 Safari/537.36"
}
================================================================================
[2026-01-06T11:25:36.336Z] [INFO] [GET /api/complaints/my] Response Status: 200 | Duration: 4ms
{
  "ip": "::1",
  "userAgent": "Mozilla/5.0 (Windows NT 10.0; Win64; x64) AppleWebKit/537.36 (KHTML, like Gecko) Chrome/143.0.0.0 Safari/537.36"
}
================================================================================
[2026-01-06T11:25:36.339Z] [INFO] [GET /api/student/profile] Response Status: 200 | Duration: 5ms
{
  "ip": "::1",
  "userAgent": "Mozilla/5.0 (Windows NT 10.0; Win64; x64) AppleWebKit/537.36 (KHTML, like Gecko) Chrome/143.0.0.0 Safari/537.36"
}
================================================================================
[2026-01-06T11:25:42.267Z] [INFO] [GET /api/student/profile] Response Status: 200 | Duration: 4ms
{
  "ip": "::1",
  "userAgent": "Mozilla/5.0 (Windows NT 10.0; Win64; x64) AppleWebKit/537.36 (KHTML, like Gecko) Chrome/143.0.0.0 Safari/537.36"
}
================================================================================
[2026-01-06T11:25:42.272Z] [INFO] [GET /api/student/profile] Response Status: 200 | Duration: 3ms
{
  "ip": "::1",
  "userAgent": "Mozilla/5.0 (Windows NT 10.0; Win64; x64) AppleWebKit/537.36 (KHTML, like Gecko) Chrome/143.0.0.0 Safari/537.36"
}
================================================================================
[2026-01-06T11:25:43.887Z] [INFO] [GET /api/student/profile] Response Status: 200 | Duration: 6ms
{
  "ip": "::1",
  "userAgent": "Mozilla/5.0 (Windows NT 10.0; Win64; x64) AppleWebKit/537.36 (KHTML, like Gecko) Chrome/143.0.0.0 Safari/537.36"
}
================================================================================
[2026-01-06T11:25:43.894Z] [INFO] [GET /api/student/announcements?semesterNumber=1] Response Status: 200 | Duration: 18ms
{
  "ip": "::1",
  "userAgent": "Mozilla/5.0 (Windows NT 10.0; Win64; x64) AppleWebKit/537.36 (KHTML, like Gecko) Chrome/143.0.0.0 Safari/537.36"
}
================================================================================
[2026-01-06T11:25:43.897Z] [INFO] [GET /api/student/profile] Response Status: 200 | Duration: 6ms
{
  "ip": "::1",
  "userAgent": "Mozilla/5.0 (Windows NT 10.0; Win64; x64) AppleWebKit/537.36 (KHTML, like Gecko) Chrome/143.0.0.0 Safari/537.36"
}
================================================================================
[2026-01-06T11:25:43.911Z] [INFO] [GET /api/student/announcements?semesterNumber=1] Response Status: 200 | Duration: 13ms
{
  "ip": "::1",
  "userAgent": "Mozilla/5.0 (Windows NT 10.0; Win64; x64) AppleWebKit/537.36 (KHTML, like Gecko) Chrome/143.0.0.0 Safari/537.36"
}
================================================================================
[2026-01-06T11:26:08.197Z] [INFO] [POST /api/auth/signin] Response Status: 200 | Duration: 7ms
{
  "ip": "::1",
  "userAgent": "Mozilla/5.0 (Windows NT 10.0; Win64; x64) AppleWebKit/537.36 (KHTML, like Gecko) Chrome/143.0.0.0 Safari/537.36"
}
================================================================================
[2026-01-06T11:26:08.250Z] [INFO] [GET /api/hod/profile] Response Status: 200 | Duration: 8ms
{
  "ip": "::1",
  "userAgent": "Mozilla/5.0 (Windows NT 10.0; Win64; x64) AppleWebKit/537.36 (KHTML, like Gecko) Chrome/143.0.0.0 Safari/537.36"
}
================================================================================
[2026-01-06T11:26:08.261Z] [INFO] [GET /api/hod/profile] Response Status: 200 | Duration: 6ms
{
  "ip": "::1",
  "userAgent": "Mozilla/5.0 (Windows NT 10.0; Win64; x64) AppleWebKit/537.36 (KHTML, like Gecko) Chrome/143.0.0.0 Safari/537.36"
}
================================================================================
[2026-01-06T11:26:08.269Z] [INFO] [GET /api/hod/profile] Response Status: 200 | Duration: 6ms
{
  "ip": "::1",
  "userAgent": "Mozilla/5.0 (Windows NT 10.0; Win64; x64) AppleWebKit/537.36 (KHTML, like Gecko) Chrome/143.0.0.0 Safari/537.36"
}
================================================================================
[2026-01-06T11:26:08.277Z] [INFO] [GET /api/hod/profile] Response Status: 200 | Duration: 6ms
{
  "ip": "::1",
  "userAgent": "Mozilla/5.0 (Windows NT 10.0; Win64; x64) AppleWebKit/537.36 (KHTML, like Gecko) Chrome/143.0.0.0 Safari/537.36"
}
================================================================================
[2026-01-06T11:26:08.383Z] [INFO] [GET /api/hod/dashboard] Response Status: 200 | Duration: 26ms
{
  "ip": "::1",
  "userAgent": "Mozilla/5.0 (Windows NT 10.0; Win64; x64) AppleWebKit/537.36 (KHTML, like Gecko) Chrome/143.0.0.0 Safari/537.36"
}
================================================================================
[2026-01-06T11:26:08.407Z] [INFO] [GET /api/hod/dashboard] Response Status: 200 | Duration: 21ms
{
  "ip": "::1",
  "userAgent": "Mozilla/5.0 (Windows NT 10.0; Win64; x64) AppleWebKit/537.36 (KHTML, like Gecko) Chrome/143.0.0.0 Safari/537.36"
}
================================================================================
[2026-01-06T11:26:10.475Z] [INFO] [GET /api/hod/profile] Response Status: 200 | Duration: 14ms
{
  "ip": "::1",
  "userAgent": "Mozilla/5.0 (Windows NT 10.0; Win64; x64) AppleWebKit/537.36 (KHTML, like Gecko) Chrome/143.0.0.0 Safari/537.36"
}
================================================================================
[2026-01-06T11:26:10.498Z] [INFO] [GET /api/hod/faculties] Response Status: 200 | Duration: 33ms
{
  "ip": "::1",
  "userAgent": "Mozilla/5.0 (Windows NT 10.0; Win64; x64) AppleWebKit/537.36 (KHTML, like Gecko) Chrome/143.0.0.0 Safari/537.36"
}
================================================================================
[2026-01-06T11:26:10.507Z] [INFO] [GET /api/hod/profile] Response Status: 200 | Duration: 4ms
{
  "ip": "::1",
  "userAgent": "Mozilla/5.0 (Windows NT 10.0; Win64; x64) AppleWebKit/537.36 (KHTML, like Gecko) Chrome/143.0.0.0 Safari/537.36"
}
================================================================================
[2026-01-06T11:26:10.516Z] [INFO] [GET /api/hod/faculties] Response Status: 200 | Duration: 7ms
{
  "ip": "::1",
  "userAgent": "Mozilla/5.0 (Windows NT 10.0; Win64; x64) AppleWebKit/537.36 (KHTML, like Gecko) Chrome/143.0.0.0 Safari/537.36"
}
================================================================================
[2026-01-06T11:26:10.523Z] [INFO] [GET /api/hod/profile] Response Status: 200 | Duration: 5ms
{
  "ip": "::1",
  "userAgent": "Mozilla/5.0 (Windows NT 10.0; Win64; x64) AppleWebKit/537.36 (KHTML, like Gecko) Chrome/143.0.0.0 Safari/537.36"
}
================================================================================
[2026-01-06T11:26:10.529Z] [INFO] [GET /api/hod/profile] Response Status: 200 | Duration: 4ms
{
  "ip": "::1",
  "userAgent": "Mozilla/5.0 (Windows NT 10.0; Win64; x64) AppleWebKit/537.36 (KHTML, like Gecko) Chrome/143.0.0.0 Safari/537.36"
}
================================================================================
[2026-01-06T11:26:10.551Z] [INFO] [GET /api/hod/departments] Response Status: 200 | Duration: 82ms
{
  "ip": "::1",
  "userAgent": "Mozilla/5.0 (Windows NT 10.0; Win64; x64) AppleWebKit/537.36 (KHTML, like Gecko) Chrome/143.0.0.0 Safari/537.36"
}
================================================================================
[2026-01-06T11:26:10.559Z] [INFO] [GET /api/hod/departments] Response Status: 200 | Duration: 5ms
{
  "ip": "::1",
  "userAgent": "Mozilla/5.0 (Windows NT 10.0; Win64; x64) AppleWebKit/537.36 (KHTML, like Gecko) Chrome/143.0.0.0 Safari/537.36"
}
================================================================================
[2026-01-06T11:26:10.573Z] [INFO] [GET /api/hod/branches] Response Status: 200 | Duration: 87ms
{
  "ip": "::1",
  "userAgent": "Mozilla/5.0 (Windows NT 10.0; Win64; x64) AppleWebKit/537.36 (KHTML, like Gecko) Chrome/143.0.0.0 Safari/537.36"
}
================================================================================
[2026-01-06T11:26:10.582Z] [INFO] [GET /api/hod/branches] Response Status: 200 | Duration: 7ms
{
  "ip": "::1",
  "userAgent": "Mozilla/5.0 (Windows NT 10.0; Win64; x64) AppleWebKit/537.36 (KHTML, like Gecko) Chrome/143.0.0.0 Safari/537.36"
}
================================================================================
[2026-01-06T11:26:10.600Z] [INFO] [GET /api/hod/academic-years] Response Status: 200 | Duration: 106ms
{
  "ip": "::1",
  "userAgent": "Mozilla/5.0 (Windows NT 10.0; Win64; x64) AppleWebKit/537.36 (KHTML, like Gecko) Chrome/143.0.0.0 Safari/537.36"
}
================================================================================
[2026-01-06T11:26:10.608Z] [INFO] [GET /api/hod/academic-years] Response Status: 200 | Duration: 5ms
{
  "ip": "::1",
  "userAgent": "Mozilla/5.0 (Windows NT 10.0; Win64; x64) AppleWebKit/537.36 (KHTML, like Gecko) Chrome/143.0.0.0 Safari/537.36"
}
================================================================================
[2026-01-06T11:26:10.621Z] [INFO] [GET /api/hod/sections] Response Status: 200 | Duration: 131ms
{
  "ip": "::1",
  "userAgent": "Mozilla/5.0 (Windows NT 10.0; Win64; x64) AppleWebKit/537.36 (KHTML, like Gecko) Chrome/143.0.0.0 Safari/537.36"
}
================================================================================
[2026-01-06T11:26:10.629Z] [INFO] [GET /api/hod/sections] Response Status: 200 | Duration: 5ms
{
  "ip": "::1",
  "userAgent": "Mozilla/5.0 (Windows NT 10.0; Win64; x64) AppleWebKit/537.36 (KHTML, like Gecko) Chrome/143.0.0.0 Safari/537.36"
}
================================================================================
[2026-01-06T11:26:10.642Z] [INFO] [GET /api/hod/courses] Response Status: 200 | Duration: 160ms
{
  "ip": "::1",
  "userAgent": "Mozilla/5.0 (Windows NT 10.0; Win64; x64) AppleWebKit/537.36 (KHTML, like Gecko) Chrome/143.0.0.0 Safari/537.36"
}
================================================================================
[2026-01-06T11:26:10.647Z] [INFO] [GET /api/hod/courses] Response Status: 200 | Duration: 3ms
{
  "ip": "::1",
  "userAgent": "Mozilla/5.0 (Windows NT 10.0; Win64; x64) AppleWebKit/537.36 (KHTML, like Gecko) Chrome/143.0.0.0 Safari/537.36"
}
================================================================================
[2026-01-06T11:26:15.014Z] [INFO] [GET /api/hod/profile] Response Status: 200 | Duration: 4ms
{
  "ip": "::1",
  "userAgent": "Mozilla/5.0 (Windows NT 10.0; Win64; x64) AppleWebKit/537.36 (KHTML, like Gecko) Chrome/143.0.0.0 Safari/537.36"
}
================================================================================
[2026-01-06T11:26:15.020Z] [INFO] [GET /api/hod/profile] Response Status: 200 | Duration: 3ms
{
  "ip": "::1",
  "userAgent": "Mozilla/5.0 (Windows NT 10.0; Win64; x64) AppleWebKit/537.36 (KHTML, like Gecko) Chrome/143.0.0.0 Safari/537.36"
}
================================================================================
[2026-01-06T11:26:15.034Z] [INFO] [GET /api/hod/faculty/leave/requests] Response Status: 200 | Duration: 27ms
{
  "ip": "::1",
  "userAgent": "Mozilla/5.0 (Windows NT 10.0; Win64; x64) AppleWebKit/537.36 (KHTML, like Gecko) Chrome/143.0.0.0 Safari/537.36"
}
================================================================================
[2026-01-06T11:26:15.041Z] [INFO] [GET /api/hod/faculty/leave/requests] Response Status: 200 | Duration: 5ms
{
  "ip": "::1",
  "userAgent": "Mozilla/5.0 (Windows NT 10.0; Win64; x64) AppleWebKit/537.36 (KHTML, like Gecko) Chrome/143.0.0.0 Safari/537.36"
}
================================================================================
[2026-01-06T11:26:18.398Z] [INFO] [GET /api/hod/profile] Response Status: 200 | Duration: 3ms
{
  "ip": "::1",
  "userAgent": "Mozilla/5.0 (Windows NT 10.0; Win64; x64) AppleWebKit/537.36 (KHTML, like Gecko) Chrome/143.0.0.0 Safari/537.36"
}
================================================================================
[2026-01-06T11:26:18.428Z] [INFO] [GET /api/hod/faculty/attendance/today] Response Status: 200 | Duration: 36ms
{
  "ip": "::1",
  "userAgent": "Mozilla/5.0 (Windows NT 10.0; Win64; x64) AppleWebKit/537.36 (KHTML, like Gecko) Chrome/143.0.0.0 Safari/537.36"
}
================================================================================
[2026-01-06T11:26:18.430Z] [INFO] [GET /api/hod/profile] Response Status: 200 | Duration: 28ms
{
  "ip": "::1",
  "userAgent": "Mozilla/5.0 (Windows NT 10.0; Win64; x64) AppleWebKit/537.36 (KHTML, like Gecko) Chrome/143.0.0.0 Safari/537.36"
}
================================================================================
[2026-01-06T11:26:18.438Z] [INFO] [GET /api/hod/faculty/attendance/today] Response Status: 200 | Duration: 5ms
{
  "ip": "::1",
  "userAgent": "Mozilla/5.0 (Windows NT 10.0; Win64; x64) AppleWebKit/537.36 (KHTML, like Gecko) Chrome/143.0.0.0 Safari/537.36"
}
================================================================================
[2026-01-06T11:26:24.293Z] [INFO] [GET /api/schedule/all] Response Status: 200 | Duration: 8ms
{
  "ip": "::1",
  "userAgent": "Mozilla/5.0 (Windows NT 10.0; Win64; x64) AppleWebKit/537.36 (KHTML, like Gecko) Chrome/143.0.0.0 Safari/537.36"
}
================================================================================
[2026-01-06T11:26:24.295Z] [INFO] [GET /api/hod/profile] Response Status: 200 | Duration: 5ms
{
  "ip": "::1",
  "userAgent": "Mozilla/5.0 (Windows NT 10.0; Win64; x64) AppleWebKit/537.36 (KHTML, like Gecko) Chrome/143.0.0.0 Safari/537.36"
}
================================================================================
[2026-01-06T11:26:24.297Z] [INFO] [GET /api/hod/faculties] Response Status: 200 | Duration: 10ms
{
  "ip": "::1",
  "userAgent": "Mozilla/5.0 (Windows NT 10.0; Win64; x64) AppleWebKit/537.36 (KHTML, like Gecko) Chrome/143.0.0.0 Safari/537.36"
}
================================================================================
[2026-01-06T11:26:24.306Z] [INFO] [GET /api/hod/profile] Response Status: 200 | Duration: 5ms
{
  "ip": "::1",
  "userAgent": "Mozilla/5.0 (Windows NT 10.0; Win64; x64) AppleWebKit/537.36 (KHTML, like Gecko) Chrome/143.0.0.0 Safari/537.36"
}
================================================================================
[2026-01-06T11:26:24.310Z] [INFO] [GET /api/schedule/all] Response Status: 200 | Duration: 11ms
{
  "ip": "::1",
  "userAgent": "Mozilla/5.0 (Windows NT 10.0; Win64; x64) AppleWebKit/537.36 (KHTML, like Gecko) Chrome/143.0.0.0 Safari/537.36"
}
================================================================================
[2026-01-06T11:26:24.312Z] [INFO] [GET /api/hod/faculties] Response Status: 200 | Duration: 9ms
{
  "ip": "::1",
  "userAgent": "Mozilla/5.0 (Windows NT 10.0; Win64; x64) AppleWebKit/537.36 (KHTML, like Gecko) Chrome/143.0.0.0 Safari/537.36"
}
================================================================================
[2026-01-06T11:36:22.475Z] [INFO] [POST /api/auth/signin] Response Status: 200 | Duration: 14ms
{
  "ip": "::1",
  "userAgent": "axios/1.13.2"
}
================================================================================
[2026-01-06T11:36:22.495Z] [INFO] [GET /api/hod/faculties] Response Status: 200 | Duration: 11ms
{
  "ip": "::1",
  "userAgent": "axios/1.13.2"
}
================================================================================
[2026-01-06T11:36:22.544Z] [INFO] [GET /api/hod/subjects] Response Status: 200 | Duration: 46ms
{
  "ip": "::1",
  "userAgent": "axios/1.13.2"
}
================================================================================
[2026-01-06T11:37:07.754Z] [INFO] [POST /api/auth/signin] Response Status: 200 | Duration: 17ms
{
  "ip": "::1",
  "userAgent": "axios/1.13.2"
}
================================================================================
[2026-01-06T11:37:07.776Z] [INFO] [GET /api/hod/faculties] Response Status: 200 | Duration: 12ms
{
  "ip": "::1",
  "userAgent": "axios/1.13.2"
}
================================================================================
[2026-01-06T11:37:07.784Z] [INFO] [GET /api/hod/subjects] Response Status: 200 | Duration: 5ms
{
  "ip": "::1",
  "userAgent": "axios/1.13.2"
}
================================================================================
[2026-01-06T11:37:35.230Z] [INFO] [POST /api/auth/signin] Response Status: 200 | Duration: 17ms
{
  "ip": "::1",
  "userAgent": "axios/1.13.2"
}
================================================================================
[2026-01-06T11:37:35.249Z] [INFO] [GET /api/hod/faculties] Response Status: 200 | Duration: 10ms
{
  "ip": "::1",
  "userAgent": "axios/1.13.2"
}
================================================================================
[2026-01-06T11:37:35.257Z] [INFO] [GET /api/hod/subjects] Response Status: 200 | Duration: 4ms
{
  "ip": "::1",
  "userAgent": "axios/1.13.2"
}
================================================================================
[2026-01-06T11:37:35.335Z] [INFO] [POST /api/schedule/create] Response Status: 201 | Duration: 74ms
{
  "ip": "::1",
  "userAgent": "axios/1.13.2"
}
================================================================================
[2026-01-06T11:37:35.351Z] [INFO] [PUT /api/schedule/695cf3fff9ed7c5193de9f1f/publish] Response Status: 200 | Duration: 12ms
{
  "ip": "::1",
  "userAgent": "axios/1.13.2"
}
================================================================================
[2026-01-06T11:37:35.360Z] [INFO] [POST /api/auth/signin] Response Status: 200 | Duration: 5ms
{
  "ip": "::1",
  "userAgent": "axios/1.13.2"
}
================================================================================
[2026-01-06T11:37:35.374Z] [INFO] [GET /api/schedule/class] Response Status: 200 | Duration: 11ms
{
  "ip": "::1",
  "userAgent": "axios/1.13.2"
}
================================================================================
[2026-01-06T11:42:21.387Z] [INFO] [POST /api/auth/signin] Response Status: 200 | Duration: 16ms
{
  "ip": "::1",
  "userAgent": "axios/1.13.2"
}
================================================================================
[2026-01-06T11:42:21.402Z] [INFO] [GET /api/faculty/attendance/classes] Response Status: 200 | Duration: 5ms
{
  "ip": "::1",
  "userAgent": "axios/1.13.2"
}
================================================================================
[2026-01-06T11:42:54.977Z] [INFO] [POST /api/auth/signin] Response Status: 200 | Duration: 17ms
{
  "ip": "::1",
  "userAgent": "axios/1.13.2"
}
================================================================================
[2026-01-06T11:42:54.994Z] [INFO] [GET /api/faculty/attendance/classes] Response Status: 200 | Duration: 7ms
{
  "ip": "::1",
  "userAgent": "axios/1.13.2"
}
================================================================================
[2026-01-06T11:43:29.411Z] [INFO] [POST /api/auth/signin] Response Status: 200 | Duration: 22ms
{
  "ip": "::1",
  "userAgent": "axios/1.13.2"
}
================================================================================
[2026-01-06T11:43:29.440Z] [INFO] [GET /api/faculty/attendance/classes] Response Status: 200 | Duration: 15ms
{
  "ip": "::1",
  "userAgent": "axios/1.13.2"
}
================================================================================
[2026-01-06T11:44:01.376Z] [INFO] [POST /api/auth/signin] Response Status: 200 | Duration: 20ms
{
  "ip": "::1",
  "userAgent": "axios/1.13.2"
}
================================================================================
[2026-01-06T11:44:01.441Z] [INFO] [GET /api/faculty/attendance/classes] Response Status: 200 | Duration: 54ms
{
  "ip": "::1",
  "userAgent": "axios/1.13.2"
}
================================================================================
[2026-01-06T11:44:01.463Z] [INFO] [GET /api/faculty/attendance/students?department=CSE&branch=CSE&academicYear=2022-2026&section=A&subjectId=695cf53379aead4fe22b4aa8] Response Status: 200 | Duration: 17ms
{
  "ip": "::1",
  "userAgent": "axios/1.13.2"
}
================================================================================
[2026-01-06T11:45:19.527Z] [INFO] [POST /api/auth/signin] Response Status: 200 | Duration: 20ms
{
  "ip": "::1",
  "userAgent": "axios/1.13.2"
}
================================================================================
[2026-01-06T11:45:19.558Z] [INFO] [GET /api/faculty/attendance/classes] Response Status: 200 | Duration: 19ms
{
  "ip": "::1",
  "userAgent": "axios/1.13.2"
}
================================================================================
[2026-01-06T11:45:19.577Z] [INFO] [GET /api/faculty/attendance/students?department=CSE&branch=CSE&academicYear=2022-2026&section=A&subjectId=695cf5a41b22d2b56bc4c082] Response Status: 200 | Duration: 13ms
{
  "ip": "::1",
  "userAgent": "axios/1.13.2"
}
================================================================================
[2026-01-06T11:45:19.645Z] [INFO] [POST /api/faculty/attendance/take] Response Status: 200 | Duration: 61ms
{
  "ip": "::1",
  "userAgent": "axios/1.13.2"
}
================================================================================
[2026-01-06T11:45:19.657Z] [INFO] [POST /api/auth/signin] Response Status: 200 | Duration: 7ms
{
  "ip": "::1",
  "userAgent": "axios/1.13.2"
}
================================================================================
[2026-01-06T11:45:19.670Z] [INFO] [GET /api/student/attendance?semesterNumber=1] Response Status: 200 | Duration: 10ms
{
  "ip": "::1",
  "userAgent": "axios/1.13.2"
}
================================================================================
[2026-01-06T11:46:14.836Z] [INFO] [POST /api/auth/signin] Response Status: 200 | Duration: 21ms
{
  "ip": "::1",
  "userAgent": "axios/1.13.2"
}
================================================================================
[2026-01-06T11:46:14.864Z] [INFO] [GET /api/faculty/attendance/classes] Response Status: 200 | Duration: 17ms
{
  "ip": "::1",
  "userAgent": "axios/1.13.2"
}
================================================================================
[2026-01-06T11:46:50.557Z] [INFO] [POST /api/auth/signin] Response Status: 200 | Duration: 19ms
{
  "ip": "::1",
  "userAgent": "axios/1.13.2"
}
================================================================================
[2026-01-06T11:46:50.581Z] [INFO] [GET /api/faculty/attendance/classes] Response Status: 200 | Duration: 14ms
{
  "ip": "::1",
  "userAgent": "axios/1.13.2"
}
================================================================================
[2026-01-06T11:46:50.596Z] [INFO] [GET /api/faculty/attendance/students?department=CSE&branch=CSE&academicYear=2022-2026&section=A&subjectId=695cf5a41b22d2b56bc4c082] Response Status: 200 | Duration: 10ms
{
  "ip": "::1",
  "userAgent": "axios/1.13.2"
}
================================================================================
[2026-01-06T11:46:50.657Z] [INFO] [POST /api/faculty/attendance/take] Response Status: 200 | Duration: 55ms
{
  "ip": "::1",
  "userAgent": "axios/1.13.2"
}
================================================================================
[2026-01-06T11:46:50.668Z] [INFO] [POST /api/auth/signin] Response Status: 200 | Duration: 6ms
{
  "ip": "::1",
  "userAgent": "axios/1.13.2"
}
================================================================================
[2026-01-06T11:46:50.682Z] [INFO] [GET /api/student/attendance?semesterNumber=1] Response Status: 200 | Duration: 11ms
{
  "ip": "::1",
  "userAgent": "axios/1.13.2"
}
================================================================================
[2026-01-06T11:48:21.941Z] [INFO] [POST /api/auth/signin] Response Status: 200 | Duration: 16ms
{
  "ip": "::1",
  "userAgent": "axios/1.13.2"
}
================================================================================
[2026-01-06T11:49:54.501Z] [INFO] [POST /api/auth/signin] Response Status: 200 | Duration: 17ms
{
  "ip": "::1",
  "userAgent": "axios/1.13.2"
}
================================================================================
[2026-01-06T11:49:54.519Z] [INFO] [GET /api/faculty/marks/students?branch=CSE&section=A&semester=1] Response Status: 200 | Duration: 7ms
{
  "ip": "::1",
  "userAgent": "axios/1.13.2"
}
================================================================================
[2026-01-06T11:49:54.552Z] [INFO] [PUT /api/faculty/marks/695cf5a41b22d2b56bc4c086] Response Status: 200 | Duration: 29ms
{
  "ip": "::1",
  "userAgent": "axios/1.13.2"
}
================================================================================
[2026-01-06T11:49:54.565Z] [INFO] [PUT /api/faculty/marks/695cf5a41b22d2b56bc4c086/sgpa] Response Status: 200 | Duration: 9ms
{
  "ip": "::1",
  "userAgent": "axios/1.13.2"
}
================================================================================
[2026-01-06T11:49:54.574Z] [INFO] [POST /api/auth/signin] Response Status: 200 | Duration: 5ms
{
  "ip": "::1",
  "userAgent": "axios/1.13.2"
}
================================================================================
[2026-01-06T11:49:54.585Z] [INFO] [GET /api/student/marks] Response Status: 200 | Duration: 8ms
{
  "ip": "::1",
  "userAgent": "axios/1.13.2"
}
================================================================================
[2026-01-06T11:51:14.981Z] [INFO] [POST /api/auth/signin] Response Status: 200 | Duration: 17ms
{
  "ip": "::1",
  "userAgent": "axios/1.13.2"
}
================================================================================
[2026-01-06T11:51:15.008Z] [INFO] [GET /api/faculty/attendance/classes] Response Status: 200 | Duration: 16ms
{
  "ip": "::1",
  "userAgent": "axios/1.13.2"
}
================================================================================
[2026-01-06T11:51:53.329Z] [INFO] [POST /api/auth/signin] Response Status: 200 | Duration: 19ms
{
  "ip": "::1",
  "userAgent": "axios/1.13.2"
}
================================================================================
[2026-01-06T11:51:53.354Z] [INFO] [GET /api/faculty/attendance/classes] Response Status: 200 | Duration: 15ms
{
  "ip": "::1",
  "userAgent": "axios/1.13.2"
}
================================================================================
[2026-01-06T11:51:53.426Z] [INFO] [POST /api/faculty/assignments/create] Response Status: 201 | Duration: 65ms
{
  "ip": "::1",
  "userAgent": "axios/1.13.2"
}
================================================================================
[2026-01-06T11:51:53.439Z] [INFO] [POST /api/auth/signin] Response Status: 200 | Duration: 10ms
{
  "ip": "::1",
  "userAgent": "axios/1.13.2"
}
================================================================================
[2026-01-06T11:51:53.451Z] [INFO] [GET /api/student/assignments] Response Status: 200 | Duration: 9ms
{
  "ip": "::1",
  "userAgent": "axios/1.13.2"
}
================================================================================
[2026-01-06T11:53:11.151Z] [INFO] [POST /api/auth/signin] Response Status: 200 | Duration: 17ms
{
  "ip": "::1",
  "userAgent": "axios/1.13.2"
}
================================================================================
[2026-01-06T11:53:11.175Z] [INFO] [GET /api/faculty/attendance/classes] Response Status: 200 | Duration: 14ms
{
  "ip": "::1",
  "userAgent": "axios/1.13.2"
}
================================================================================
[2026-01-06T11:53:11.197Z] [INFO] [POST /api/faculty/assignments/create] Response Status: 201 | Duration: 17ms
{
  "ip": "::1",
  "userAgent": "axios/1.13.2"
}
================================================================================
[2026-01-06T11:53:11.209Z] [INFO] [POST /api/auth/signin] Response Status: 200 | Duration: 7ms
{
  "ip": "::1",
  "userAgent": "axios/1.13.2"
}
================================================================================
[2026-01-06T11:53:55.700Z] [INFO] [POST /api/auth/signin] Response Status: 200 | Duration: 17ms
{
  "ip": "::1",
  "userAgent": "axios/1.13.2"
}
================================================================================
[2026-01-06T11:53:55.725Z] [INFO] [GET /api/faculty/attendance/classes] Response Status: 200 | Duration: 15ms
{
  "ip": "::1",
  "userAgent": "axios/1.13.2"
}
================================================================================
[2026-01-06T11:53:55.743Z] [INFO] [POST /api/faculty/assignments/create] Response Status: 201 | Duration: 13ms
{
  "ip": "::1",
  "userAgent": "axios/1.13.2"
}
================================================================================
[2026-01-06T11:53:55.755Z] [INFO] [POST /api/auth/signin] Response Status: 200 | Duration: 8ms
{
  "ip": "::1",
  "userAgent": "axios/1.13.2"
}
================================================================================
[2026-01-06T11:54:20.098Z] [INFO] [POST /api/auth/signin] Response Status: 200 | Duration: 18ms
{
  "ip": "::1",
  "userAgent": "axios/1.13.2"
}
================================================================================
[2026-01-06T11:54:20.124Z] [INFO] [GET /api/faculty/attendance/classes] Response Status: 200 | Duration: 16ms
{
  "ip": "::1",
  "userAgent": "axios/1.13.2"
}
================================================================================
[2026-01-06T11:54:20.145Z] [INFO] [POST /api/faculty/assignments/create] Response Status: 201 | Duration: 15ms
{
  "ip": "::1",
  "userAgent": "axios/1.13.2"
}
================================================================================
[2026-01-06T11:54:20.156Z] [INFO] [POST /api/auth/signin] Response Status: 200 | Duration: 7ms
{
  "ip": "::1",
  "userAgent": "axios/1.13.2"
}
================================================================================
[2026-01-06T11:54:20.174Z] [INFO] [GET /api/student/assignments] Response Status: 200 | Duration: 15ms
{
  "ip": "::1",
  "userAgent": "axios/1.13.2"
}
================================================================================
[2026-01-06T11:54:20.230Z] [INFO] [POST /api/student/assignments/submit] Response Status: 200 | Duration: 50ms
{
  "ip": "::1",
  "userAgent": "axios/1.13.2"
}
================================================================================
[2026-01-06T11:54:41.545Z] [INFO] [POST /api/auth/signin] Response Status: 200 | Duration: 19ms
{
  "ip": "::1",
  "userAgent": "axios/1.13.2"
}
================================================================================
[2026-01-06T11:54:41.573Z] [INFO] [GET /api/faculty/attendance/classes] Response Status: 200 | Duration: 18ms
{
  "ip": "::1",
  "userAgent": "axios/1.13.2"
}
================================================================================
[2026-01-06T11:54:41.596Z] [INFO] [POST /api/faculty/assignments/create] Response Status: 201 | Duration: 17ms
{
  "ip": "::1",
  "userAgent": "axios/1.13.2"
}
================================================================================
[2026-01-06T11:54:41.609Z] [INFO] [POST /api/auth/signin] Response Status: 200 | Duration: 8ms
{
  "ip": "::1",
  "userAgent": "axios/1.13.2"
}
================================================================================
[2026-01-06T11:54:41.630Z] [INFO] [GET /api/student/assignments] Response Status: 200 | Duration: 18ms
{
  "ip": "::1",
  "userAgent": "axios/1.13.2"
}
================================================================================
[2026-01-06T11:54:41.643Z] [INFO] [POST /api/student/assignments/submit] Response Status: 200 | Duration: 8ms
{
  "ip": "::1",
  "userAgent": "axios/1.13.2"
}
================================================================================
[2026-01-06T11:54:41.655Z] [INFO] [GET /api/faculty/assignments/695cf801b24cc67e70ce3de3/submissions] Response Status: 200 | Duration: 8ms
{
  "ip": "::1",
  "userAgent": "axios/1.13.2"
}
================================================================================
[2026-01-06T11:54:41.666Z] [INFO] [PUT /api/faculty/submissions/695cf801b24cc67e70ce3df0/grade] Response Status: 200 | Duration: 7ms
{
  "ip": "::1",
  "userAgent": "axios/1.13.2"
}
================================================================================
[2026-01-06T11:56:02.972Z] [INFO] [POST /api/auth/signin] Response Status: 200 | Duration: 17ms
{
  "ip": "::1",
  "userAgent": "axios/1.13.2"
}
================================================================================
[2026-01-06T11:56:02.996Z] [INFO] [GET /api/faculty/attendance/classes] Response Status: 200 | Duration: 15ms
{
  "ip": "::1",
  "userAgent": "axios/1.13.2"
}
================================================================================
[2026-01-06T11:57:13.735Z] [INFO] [POST /api/auth/signin] Response Status: 200 | Duration: 21ms
{
  "ip": "::1",
  "userAgent": "axios/1.13.2"
}
================================================================================
[2026-01-06T11:57:13.761Z] [INFO] [GET /api/faculty/attendance/classes] Response Status: 200 | Duration: 15ms
{
  "ip": "::1",
  "userAgent": "axios/1.13.2"
}
================================================================================
[2026-01-06T11:57:13.782Z] [INFO] [POST /api/materials/upload] Response Status: 201 | Duration: 16ms
{
  "ip": "::1",
  "userAgent": "axios/1.13.2"
}
================================================================================
[2026-01-06T11:57:13.797Z] [INFO] [POST /api/auth/signin] Response Status: 200 | Duration: 10ms
{
  "ip": "::1",
  "userAgent": "axios/1.13.2"
}
================================================================================
[2026-01-06T11:57:13.811Z] [INFO] [GET /api/materials/subject/695cf5a41b22d2b56bc4c082] Response Status: 200 | Duration: 10ms
{
  "ip": "::1",
  "userAgent": "axios/1.13.2"
}
================================================================================
[2026-01-06T11:58:25.726Z] [INFO] [POST /api/auth/signin] Response Status: 200 | Duration: 27ms
{
  "ip": "::1",
  "userAgent": "axios/1.13.2"
}
================================================================================
[2026-01-06T11:58:25.812Z] [INFO] [POST /api/student/leave/request] Response Status: 201 | Duration: 74ms
{
  "ip": "::1",
  "userAgent": "axios/1.13.2"
}
================================================================================
[2026-01-06T11:58:25.820Z] [INFO] [POST /api/auth/signin] Response Status: 200 | Duration: 3ms
{
  "ip": "::1",
  "userAgent": "axios/1.13.2"
}
================================================================================
[2026-01-06T11:58:25.842Z] [INFO] [GET /api/faculty/leave/requests/pending] Response Status: 200 | Duration: 18ms
{
  "ip": "::1",
  "userAgent": "axios/1.13.2"
}
================================================================================
[2026-01-06T11:58:25.941Z] [INFO] [POST /api/faculty/leave/approve/695cf8e114ae381628f023b7] Response Status: 200 | Duration: 94ms
{
  "ip": "::1",
  "userAgent": "axios/1.13.2"
}
================================================================================
[2026-01-06T11:58:25.949Z] [INFO] [GET /api/student/leave] Response Status: 200 | Duration: 4ms
{
  "ip": "::1",
  "userAgent": "axios/1.13.2"
}
================================================================================
